Component: ARM Compiler 5.06 update 5 (build 528) Tool: armlink [4d35e2]

==============================================================================

Section Cross References

    main.o(.text) refers to dflt_clz.o(x$fpl$dfltu) for __aeabi_ui2d
    main.o(.text) refers to dmul.o(x$fpl$dmul) for __aeabi_dmul
    main.o(.text) refers to ddiv.o(x$fpl$ddiv) for __aeabi_ddiv
    main.o(.text) refers to daddsub_clz.o(x$fpl$dadd) for __aeabi_dadd
    main.o(.text) refers to dfix.o(x$fpl$dfix) for __aeabi_d2iz
    main.o(.text) refers to init.o(.text) for ADCInit
    main.o(.text) refers to main.o(.data) for Voltage
    init.o(.text) refers to init.o(.data) for CORE_INIT
    startup_tm4c123.o(STACK) refers (Special) to heapauxi.o(.text) for __use_two_region_memory
    startup_tm4c123.o(HEAP) refers (Special) to heapauxi.o(.text) for __use_two_region_memory
    startup_tm4c123.o(RESET) refers (Special) to heapauxi.o(.text) for __use_two_region_memory
    startup_tm4c123.o(RESET) refers to startup_tm4c123.o(STACK) for __initial_sp
    startup_tm4c123.o(RESET) refers to startup_tm4c123.o(.text) for Reset_Handler
    startup_tm4c123.o(RESET) refers to main.o(.text) for ADC0SS0_Handler
    startup_tm4c123.o(.text) refers (Special) to heapauxi.o(.text) for __use_two_region_memory
    startup_tm4c123.o(.text) refers to system_tm4c123.o(.text) for SystemInit
    startup_tm4c123.o(.text) refers to __main.o(!!!main) for __main
    startup_tm4c123.o(.text) refers to startup_tm4c123.o(HEAP) for Heap_Mem
    startup_tm4c123.o(.text) refers to startup_tm4c123.o(STACK) for Stack_Mem
    system_tm4c123.o(.text) refers to system_tm4c123.o(.data) for SystemCoreClock
    __main.o(!!!main) refers to __rtentry.o(.ARM.Collect$$rtentry$$00000000) for __rt_entry
    daddsub_clz.o(x$fpl$dadd) refers (Special) to usenofp.o(x$fpl$usenofp) for __I$use$fp
    daddsub_clz.o(x$fpl$dadd) refers to daddsub_clz.o(x$fpl$dsub) for _dsub1
    daddsub_clz.o(x$fpl$dadd) refers to dretinf.o(x$fpl$dretinf) for __fpl_dretinf
    daddsub_clz.o(x$fpl$dadd) refers to dnaninf.o(x$fpl$dnaninf) for __fpl_dnaninf
    daddsub_clz.o(x$fpl$drsb) refers (Special) to usenofp.o(x$fpl$usenofp) for __I$use$fp
    daddsub_clz.o(x$fpl$drsb) refers to daddsub_clz.o(x$fpl$dadd) for _dadd1
    daddsub_clz.o(x$fpl$drsb) refers to daddsub_clz.o(x$fpl$dsub) for _dsub1
    daddsub_clz.o(x$fpl$dsub) refers (Special) to usenofp.o(x$fpl$usenofp) for __I$use$fp
    daddsub_clz.o(x$fpl$dsub) refers to daddsub_clz.o(x$fpl$dadd) for _dadd1
    daddsub_clz.o(x$fpl$dsub) refers to dnaninf.o(x$fpl$dnaninf) for __fpl_dnaninf
    ddiv.o(x$fpl$drdiv) refers (Special) to usenofp.o(x$fpl$usenofp) for __I$use$fp
    ddiv.o(x$fpl$drdiv) refers to ddiv.o(x$fpl$ddiv) for ddiv_entry
    ddiv.o(x$fpl$ddiv) refers (Special) to usenofp.o(x$fpl$usenofp) for __I$use$fp
    ddiv.o(x$fpl$ddiv) refers to dretinf.o(x$fpl$dretinf) for __fpl_dretinf
    ddiv.o(x$fpl$ddiv) refers to dnaninf.o(x$fpl$dnaninf) for __fpl_dnaninf
    dfix.o(x$fpl$dfix) refers (Special) to usenofp.o(x$fpl$usenofp) for __I$use$fp
    dfix.o(x$fpl$dfix) refers to dnaninf.o(x$fpl$dnaninf) for __fpl_dnaninf
    dfix.o(x$fpl$dfixr) refers (Special) to usenofp.o(x$fpl$usenofp) for __I$use$fp
    dfix.o(x$fpl$dfixr) refers to dnaninf.o(x$fpl$dnaninf) for __fpl_dnaninf
    dflt_clz.o(x$fpl$dfltu) refers (Special) to usenofp.o(x$fpl$usenofp) for __I$use$fp
    dflt_clz.o(x$fpl$dflt) refers (Special) to usenofp.o(x$fpl$usenofp) for __I$use$fp
    dflt_clz.o(x$fpl$dfltn) refers (Special) to usenofp.o(x$fpl$usenofp) for __I$use$fp
    dmul.o(x$fpl$dmul) refers (Special) to usenofp.o(x$fpl$usenofp) for __I$use$fp
    dmul.o(x$fpl$dmul) refers to dretinf.o(x$fpl$dretinf) for __fpl_dretinf
    dmul.o(x$fpl$dmul) refers to dnaninf.o(x$fpl$dnaninf) for __fpl_dnaninf
    __rtentry.o(.ARM.Collect$$rtentry$$00000000) refers (Special) to __rtentry2.o(.ARM.Collect$$rtentry$$0000000A) for __rt_entry_li
    __rtentry.o(.ARM.Collect$$rtentry$$00000000) refers (Special) to __rtentry2.o(.ARM.Collect$$rtentry$$0000000D) for __rt_entry_main
    __rtentry.o(.ARM.Collect$$rtentry$$00000000) refers (Special) to __rtentry2.o(.ARM.Collect$$rtentry$$0000000C) for __rt_entry_postli_1
    __rtentry.o(.ARM.Collect$$rtentry$$00000000) refers (Special) to __rtentry2.o(.ARM.Collect$$rtentry$$00000009) for __rt_entry_postsh_1
    __rtentry.o(.ARM.Collect$$rtentry$$00000000) refers (Special) to __rtentry2.o(.ARM.Collect$$rtentry$$00000002) for __rt_entry_presh_1
    __rtentry.o(.ARM.Collect$$rtentry$$00000000) refers (Special) to __rtentry4.o(.ARM.Collect$$rtentry$$00000004) for __rt_entry_sh
    dnaninf.o(x$fpl$dnaninf) refers (Special) to usenofp.o(x$fpl$usenofp) for __I$use$fp
    dretinf.o(x$fpl$dretinf) refers (Special) to usenofp.o(x$fpl$usenofp) for __I$use$fp
    __rtentry2.o(.ARM.Collect$$rtentry$$00000008) refers to boardinit2.o(.text) for _platform_post_stackheap_init
    __rtentry2.o(.ARM.Collect$$rtentry$$0000000A) refers to libinit.o(.ARM.Collect$$libinit$$00000000) for __rt_lib_init
    __rtentry2.o(.ARM.Collect$$rtentry$$0000000B) refers to boardinit3.o(.text) for _platform_post_lib_init
    __rtentry2.o(.ARM.Collect$$rtentry$$0000000D) refers to main.o(.text) for main
    __rtentry2.o(.ARM.Collect$$rtentry$$0000000D) refers to exit.o(.text) for exit
    __rtentry2.o(.ARM.exidx) refers to __rtentry2.o(.ARM.Collect$$rtentry$$00000001) for .ARM.Collect$$rtentry$$00000001
    __rtentry2.o(.ARM.exidx) refers to __rtentry2.o(.ARM.Collect$$rtentry$$00000008) for .ARM.Collect$$rtentry$$00000008
    __rtentry2.o(.ARM.exidx) refers to __rtentry2.o(.ARM.Collect$$rtentry$$0000000A) for .ARM.Collect$$rtentry$$0000000A
    __rtentry2.o(.ARM.exidx) refers to __rtentry2.o(.ARM.Collect$$rtentry$$0000000B) for .ARM.Collect$$rtentry$$0000000B
    __rtentry2.o(.ARM.exidx) refers to __rtentry2.o(.ARM.Collect$$rtentry$$0000000D) for .ARM.Collect$$rtentry$$0000000D
    __rtentry4.o(.ARM.Collect$$rtentry$$00000004) refers to sys_stackheap_outer.o(.text) for __user_setup_stackheap
    __rtentry4.o(.ARM.exidx) refers to __rtentry4.o(.ARM.Collect$$rtentry$$00000004) for .ARM.Collect$$rtentry$$00000004
    sys_stackheap_outer.o(.text) refers to libspace.o(.text) for __user_perproc_libspace
    sys_stackheap_outer.o(.text) refers to startup_tm4c123.o(.text) for __user_initial_stackheap
    exit.o(.text) refers to rtexit.o(.ARM.Collect$$rtexit$$00000000) for __rt_exit
    libinit.o(.ARM.Collect$$libinit$$00000000) refers (Special) to libinit2.o(.ARM.Collect$$libinit$$0000002E) for __rt_lib_init_alloca_1
    libinit.o(.ARM.Collect$$libinit$$00000000) refers (Special) to libinit2.o(.ARM.Collect$$libinit$$0000002C) for __rt_lib_init_argv_1
    libinit.o(.ARM.Collect$$libinit$$00000000) refers (Special) to libinit2.o(.ARM.Collect$$libinit$$0000001B) for __rt_lib_init_atexit_1
    libinit.o(.ARM.Collect$$libinit$$00000000) refers (Special) to libinit2.o(.ARM.Collect$$libinit$$00000021) for __rt_lib_init_clock_1
    libinit.o(.ARM.Collect$$libinit$$00000000) refers (Special) to libinit2.o(.ARM.Collect$$libinit$$00000032) for __rt_lib_init_cpp_1
    libinit.o(.ARM.Collect$$libinit$$00000000) refers (Special) to libinit2.o(.ARM.Collect$$libinit$$00000030) for __rt_lib_init_exceptions_1
    libinit.o(.ARM.Collect$$libinit$$00000000) refers (Special) to libinit2.o(.ARM.Collect$$libinit$$00000001) for __rt_lib_init_fp_1
    libinit.o(.ARM.Collect$$libinit$$00000000) refers (Special) to libinit2.o(.ARM.Collect$$libinit$$0000001F) for __rt_lib_init_fp_trap_1
    libinit.o(.ARM.Collect$$libinit$$00000000) refers (Special) to libinit2.o(.ARM.Collect$$libinit$$00000023) for __rt_lib_init_getenv_1
    libinit.o(.ARM.Collect$$libinit$$00000000) refers (Special) to libinit2.o(.ARM.Collect$$libinit$$0000000A) for __rt_lib_init_heap_1
    libinit.o(.ARM.Collect$$libinit$$00000000) refers (Special) to libinit2.o(.ARM.Collect$$libinit$$00000011) for __rt_lib_init_lc_collate_1
    libinit.o(.ARM.Collect$$libinit$$00000000) refers (Special) to libinit2.o(.ARM.Collect$$libinit$$00000013) for __rt_lib_init_lc_ctype_1
    libinit.o(.ARM.Collect$$libinit$$00000000) refers (Special) to libinit2.o(.ARM.Collect$$libinit$$00000015) for __rt_lib_init_lc_monetary_1
    libinit.o(.ARM.Collect$$libinit$$00000000) refers (Special) to libinit2.o(.ARM.Collect$$libinit$$00000017) for __rt_lib_init_lc_numeric_1
    libinit.o(.ARM.Collect$$libinit$$00000000) refers (Special) to libinit2.o(.ARM.Collect$$libinit$$00000019) for __rt_lib_init_lc_time_1
    libinit.o(.ARM.Collect$$libinit$$00000000) refers (Special) to libinit2.o(.ARM.Collect$$libinit$$00000004) for __rt_lib_init_preinit_1
    libinit.o(.ARM.Collect$$libinit$$00000000) refers (Special) to libinit2.o(.ARM.Collect$$libinit$$0000000E) for __rt_lib_init_rand_1
    libinit.o(.ARM.Collect$$libinit$$00000000) refers (Special) to libinit2.o(.ARM.Collect$$libinit$$00000033) for __rt_lib_init_return
    libinit.o(.ARM.Collect$$libinit$$00000000) refers (Special) to libinit2.o(.ARM.Collect$$libinit$$0000001D) for __rt_lib_init_signal_1
    libinit.o(.ARM.Collect$$libinit$$00000000) refers (Special) to libinit2.o(.ARM.Collect$$libinit$$00000025) for __rt_lib_init_stdio_1
    libinit.o(.ARM.Collect$$libinit$$00000000) refers (Special) to libinit2.o(.ARM.Collect$$libinit$$0000000C) for __rt_lib_init_user_alloc_1
    libspace.o(.text) refers to libspace.o(.bss) for __libspace_start
    rtexit.o(.ARM.Collect$$rtexit$$00000000) refers (Special) to rtexit2.o(.ARM.Collect$$rtexit$$00000004) for __rt_exit_exit
    rtexit.o(.ARM.Collect$$rtexit$$00000000) refers (Special) to rtexit2.o(.ARM.Collect$$rtexit$$00000003) for __rt_exit_ls
    rtexit.o(.ARM.Collect$$rtexit$$00000000) refers (Special) to rtexit2.o(.ARM.Collect$$rtexit$$00000002) for __rt_exit_prels_1
    rtexit.o(.ARM.exidx) refers (Special) to rtexit2.o(.ARM.Collect$$rtexit$$00000004) for __rt_exit_exit
    rtexit.o(.ARM.exidx) refers (Special) to rtexit2.o(.ARM.Collect$$rtexit$$00000003) for __rt_exit_ls
    rtexit.o(.ARM.exidx) refers (Special) to rtexit2.o(.ARM.Collect$$rtexit$$00000002) for __rt_exit_prels_1
    rtexit.o(.ARM.exidx) refers to rtexit.o(.ARM.Collect$$rtexit$$00000000) for .ARM.Collect$$rtexit$$00000000
    libinit2.o(.ARM.Collect$$libinit$$00000001) refers to fpinit.o(x$fpl$fpinit) for _fp_init
    libinit2.o(.ARM.Collect$$libinit$$00000010) refers to libinit2.o(.ARM.Collect$$libinit$$0000000F) for .ARM.Collect$$libinit$$0000000F
    libinit2.o(.ARM.Collect$$libinit$$00000012) refers to libinit2.o(.ARM.Collect$$libinit$$0000000F) for .ARM.Collect$$libinit$$0000000F
    libinit2.o(.ARM.Collect$$libinit$$00000014) refers to libinit2.o(.ARM.Collect$$libinit$$0000000F) for .ARM.Collect$$libinit$$0000000F
    libinit2.o(.ARM.Collect$$libinit$$00000016) refers to libinit2.o(.ARM.Collect$$libinit$$0000000F) for .ARM.Collect$$libinit$$0000000F
    libinit2.o(.ARM.Collect$$libinit$$00000018) refers to libinit2.o(.ARM.Collect$$libinit$$0000000F) for .ARM.Collect$$libinit$$0000000F
    libinit2.o(.ARM.Collect$$libinit$$00000026) refers to argv_veneer.o(.emb_text) for __ARM_argv_veneer
    libinit2.o(.ARM.Collect$$libinit$$00000027) refers to argv_veneer.o(.emb_text) for __ARM_argv_veneer
    rtexit2.o(.ARM.Collect$$rtexit$$00000003) refers to libshutdown.o(.ARM.Collect$$libshutdown$$00000000) for __rt_lib_shutdown
    rtexit2.o(.ARM.Collect$$rtexit$$00000004) refers to sys_exit.o(.text) for _sys_exit
    rtexit2.o(.ARM.exidx) refers to rtexit2.o(.ARM.Collect$$rtexit$$00000001) for .ARM.Collect$$rtexit$$00000001
    rtexit2.o(.ARM.exidx) refers to rtexit2.o(.ARM.Collect$$rtexit$$00000003) for .ARM.Collect$$rtexit$$00000003
    rtexit2.o(.ARM.exidx) refers to rtexit2.o(.ARM.Collect$$rtexit$$00000004) for .ARM.Collect$$rtexit$$00000004
    argv_veneer.o(.emb_text) refers to no_argv.o(.text) for __ARM_get_argv
    sys_exit.o(.text) refers (Special) to use_no_semi.o(.text) for __I$use$semihosting
    sys_exit.o(.text) refers (Special) to indicate_semi.o(.text) for __semihosting_library_function
    _get_argv_nomalloc.o(.text) refers (Special) to hrguard.o(.text) for __heap_region$guard
    _get_argv_nomalloc.o(.text) refers to defsig_rtmem_outer.o(.text) for __rt_SIGRTMEM
    _get_argv_nomalloc.o(.text) refers to sys_command.o(.text) for _sys_command_string
    libshutdown.o(.ARM.Collect$$libshutdown$$00000000) refers (Special) to libshutdown2.o(.ARM.Collect$$libshutdown$$00000002) for __rt_lib_shutdown_cpp_1
    libshutdown.o(.ARM.Collect$$libshutdown$$00000000) refers (Special) to libshutdown2.o(.ARM.Collect$$libshutdown$$00000007) for __rt_lib_shutdown_fp_trap_1
    libshutdown.o(.ARM.Collect$$libshutdown$$00000000) refers (Special) to libshutdown2.o(.ARM.Collect$$libshutdown$$0000000F) for __rt_lib_shutdown_heap_1
    libshutdown.o(.ARM.Collect$$libshutdown$$00000000) refers (Special) to libshutdown2.o(.ARM.Collect$$libshutdown$$00000010) for __rt_lib_shutdown_return
    libshutdown.o(.ARM.Collect$$libshutdown$$00000000) refers (Special) to libshutdown2.o(.ARM.Collect$$libshutdown$$0000000A) for __rt_lib_shutdown_signal_1
    libshutdown.o(.ARM.Collect$$libshutdown$$00000000) refers (Special) to libshutdown2.o(.ARM.Collect$$libshutdown$$00000004) for __rt_lib_shutdown_stdio_1
    libshutdown.o(.ARM.Collect$$libshutdown$$00000000) refers (Special) to libshutdown2.o(.ARM.Collect$$libshutdown$$0000000C) for __rt_lib_shutdown_user_alloc_1
    sys_command.o(.text) refers (Special) to use_no_semi.o(.text) for __I$use$semihosting
    sys_command.o(.text) refers (Special) to indicate_semi.o(.text) for __semihosting_library_function
    defsig_rtmem_outer.o(.text) refers to defsig_rtmem_inner.o(.text) for __rt_SIGRTMEM_inner
    defsig_rtmem_outer.o(.text) refers to defsig_exit.o(.text) for __sig_exit
    defsig_rtmem_formal.o(.text) refers to rt_raise.o(.text) for __rt_raise
    rt_raise.o(.text) refers to __raise.o(.text) for __raise
    rt_raise.o(.text) refers to sys_exit.o(.text) for _sys_exit
    defsig_exit.o(.text) refers to sys_exit.o(.text) for _sys_exit
    defsig_rtmem_inner.o(.text) refers to defsig_general.o(.text) for __default_signal_display
    __raise.o(.text) refers to defsig.o(CL$$defsig) for __default_signal_handler
    defsig_general.o(.text) refers to sys_wrch.o(.text) for _ttywrch
    sys_wrch.o(.text) refers (Special) to use_no_semi.o(.text) for __I$use$semihosting
    sys_wrch.o(.text) refers (Special) to indicate_semi.o(.text) for __semihosting_library_function
    defsig.o(CL$$defsig) refers to defsig_rtmem_inner.o(.text) for __rt_SIGRTMEM_inner
    defsig_abrt_inner.o(.text) refers to defsig_general.o(.text) for __default_signal_display
    defsig_fpe_inner.o(.text) refers to defsig_general.o(.text) for __default_signal_display
    defsig_rtred_inner.o(.text) refers to defsig_general.o(.text) for __default_signal_display
    defsig_stak_inner.o(.text) refers to defsig_general.o(.text) for __default_signal_display
    defsig_pvfn_inner.o(.text) refers to defsig_general.o(.text) for __default_signal_display
    defsig_cppl_inner.o(.text) refers to defsig_general.o(.text) for __default_signal_display
    defsig_segv_inner.o(.text) refers to defsig_general.o(.text) for __default_signal_display
    defsig_other.o(.text) refers to defsig_general.o(.text) for __default_signal_display


==============================================================================

Removing Unused input sections from the image.

    Removing main.o(.rev16_text), (4 bytes).
    Removing main.o(.revsh_text), (4 bytes).
    Removing main.o(.rrx_text), (6 bytes).
    Removing init.o(.rev16_text), (4 bytes).
    Removing init.o(.revsh_text), (4 bytes).
    Removing init.o(.rrx_text), (6 bytes).
    Removing system_tm4c123.o(.rev16_text), (4 bytes).
    Removing system_tm4c123.o(.revsh_text), (4 bytes).
    Removing system_tm4c123.o(.rrx_text), (6 bytes).

9 unused section(s) (total 42 bytes) removed from the image.

==============================================================================

Image Symbol Table

    Local Symbols

    Symbol Name                              Value     Ov Type        Size  Object(Section)

    RESET                                    0x00000000   Section      620  startup_tm4c123.o(RESET)
    ../clib/angel/boardlib.s                 0x00000000   Number         0  boardinit1.o ABSOLUTE
    ../clib/angel/boardlib.s                 0x00000000   Number         0  boardinit2.o ABSOLUTE
    ../clib/angel/boardlib.s                 0x00000000   Number         0  boardinit3.o ABSOLUTE
    ../clib/angel/boardlib.s                 0x00000000   Number         0  boardshut.o ABSOLUTE
    ../clib/angel/handlers.s                 0x00000000   Number         0  __scatter_zi.o ABSOLUTE
    ../clib/angel/handlers.s                 0x00000000   Number         0  __scatter_copy.o ABSOLUTE
    ../clib/angel/kernel.s                   0x00000000   Number         0  __rtentry4.o ABSOLUTE
    ../clib/angel/kernel.s                   0x00000000   Number         0  __rtentry.o ABSOLUTE
    ../clib/angel/kernel.s                   0x00000000   Number         0  rtexit2.o ABSOLUTE
    ../clib/angel/kernel.s                   0x00000000   Number         0  __rtentry2.o ABSOLUTE
    ../clib/angel/kernel.s                   0x00000000   Number         0  rtexit.o ABSOLUTE
    ../clib/angel/rt.s                       0x00000000   Number         0  rt_raise.o ABSOLUTE
    ../clib/angel/scatter.s                  0x00000000   Number         0  __scatter.o ABSOLUTE
    ../clib/angel/startup.s                  0x00000000   Number         0  __main.o ABSOLUTE
    ../clib/angel/sys.s                      0x00000000   Number         0  indicate_semi.o ABSOLUTE
    ../clib/angel/sys.s                      0x00000000   Number         0  sys_stackheap_outer.o ABSOLUTE
    ../clib/angel/sys.s                      0x00000000   Number         0  libspace.o ABSOLUTE
    ../clib/angel/sys.s                      0x00000000   Number         0  use_no_semi.o ABSOLUTE
    ../clib/angel/sysapp.c                   0x00000000   Number         0  sys_command.o ABSOLUTE
    ../clib/angel/sysapp.c                   0x00000000   Number         0  sys_exit.o ABSOLUTE
    ../clib/angel/sysapp.c                   0x00000000   Number         0  sys_wrch.o ABSOLUTE
    ../clib/armsys.c                         0x00000000   Number         0  argv_veneer.o ABSOLUTE
    ../clib/armsys.c                         0x00000000   Number         0  argv_veneer.o ABSOLUTE
    ../clib/armsys.c                         0x00000000   Number         0  _get_argv_nomalloc.o ABSOLUTE
    ../clib/armsys.c                         0x00000000   Number         0  no_argv.o ABSOLUTE
    ../clib/heapalloc.c                      0x00000000   Number         0  hrguard.o ABSOLUTE
    ../clib/heapaux.c                        0x00000000   Number         0  heapauxi.o ABSOLUTE
    ../clib/libinit.s                        0x00000000   Number         0  libshutdown2.o ABSOLUTE
    ../clib/libinit.s                        0x00000000   Number         0  libinit.o ABSOLUTE
    ../clib/libinit.s                        0x00000000   Number         0  libshutdown.o ABSOLUTE
    ../clib/libinit.s                        0x00000000   Number         0  libinit2.o ABSOLUTE
    ../clib/signal.c                         0x00000000   Number         0  defsig_rtmem_formal.o ABSOLUTE
    ../clib/signal.c                         0x00000000   Number         0  defsig_stak_inner.o ABSOLUTE
    ../clib/signal.c                         0x00000000   Number         0  defsig_rtred_inner.o ABSOLUTE
    ../clib/signal.c                         0x00000000   Number         0  defsig_fpe_inner.o ABSOLUTE
    ../clib/signal.c                         0x00000000   Number         0  defsig_abrt_inner.o ABSOLUTE
    ../clib/signal.c                         0x00000000   Number         0  defsig_pvfn_inner.o ABSOLUTE
    ../clib/signal.c                         0x00000000   Number         0  defsig_general.o ABSOLUTE
    ../clib/signal.c                         0x00000000   Number         0  __raise.o ABSOLUTE
    ../clib/signal.c                         0x00000000   Number         0  defsig_rtmem_inner.o ABSOLUTE
    ../clib/signal.c                         0x00000000   Number         0  defsig_cppl_inner.o ABSOLUTE
    ../clib/signal.c                         0x00000000   Number         0  defsig_segv_inner.o ABSOLUTE
    ../clib/signal.c                         0x00000000   Number         0  defsig_rtmem_outer.o ABSOLUTE
    ../clib/signal.c                         0x00000000   Number         0  defsig_other.o ABSOLUTE
    ../clib/signal.c                         0x00000000   Number         0  defsig_exit.o ABSOLUTE
    ../clib/signal.s                         0x00000000   Number         0  defsig.o ABSOLUTE
    ../clib/stdlib.c                         0x00000000   Number         0  exit.o ABSOLUTE
    ../fplib/daddsub.s                       0x00000000   Number         0  daddsub_clz.o ABSOLUTE
    ../fplib/ddiv.s                          0x00000000   Number         0  ddiv.o ABSOLUTE
    ../fplib/dfix.s                          0x00000000   Number         0  dfix.o ABSOLUTE
    ../fplib/dflt.s                          0x00000000   Number         0  dflt_clz.o ABSOLUTE
    ../fplib/dmul.s                          0x00000000   Number         0  dmul.o ABSOLUTE
    ../fplib/dnaninf.s                       0x00000000   Number         0  dnaninf.o ABSOLUTE
    ../fplib/dretinf.s                       0x00000000   Number         0  dretinf.o ABSOLUTE
    ../fplib/fpinit.s                        0x00000000   Number         0  fpinit.o ABSOLUTE
    ../fplib/usenofp.s                       0x00000000   Number         0  usenofp.o ABSOLUTE
    RTE\Device\TM4C123GH6PM\startup_TM4C123.s 0x00000000   Number         0  startup_tm4c123.o ABSOLUTE
    RTE\Device\TM4C123GH6PM\system_TM4C123.c 0x00000000   Number         0  system_tm4c123.o ABSOLUTE
    RTE\\Device\\TM4C123GH6PM\\system_TM4C123.c 0x00000000   Number         0  system_tm4c123.o ABSOLUTE
    dc.s                                     0x00000000   Number         0  dc.o ABSOLUTE
    init.c                                   0x00000000   Number         0  init.o ABSOLUTE
    init.c                                   0x00000000   Number         0  init.o ABSOLUTE
    main.c                                   0x00000000   Number         0  main.o ABSOLUTE
    main.c                                   0x00000000   Number         0  main.o ABSOLUTE
    !!!main                                  0x0000026c   Section        8  __main.o(!!!main)
    !!!scatter                               0x00000274   Section       52  __scatter.o(!!!scatter)
    !!handler_copy                           0x000002a8   Section       26  __scatter_copy.o(!!handler_copy)
    !!handler_zi                             0x000002c4   Section       28  __scatter_zi.o(!!handler_zi)
    .ARM.Collect$$libinit$$00000000          0x000002e0   Section        2  libinit.o(.ARM.Collect$$libinit$$00000000)
    .ARM.Collect$$libinit$$00000001          0x000002e2   Section        4  libinit2.o(.ARM.Collect$$libinit$$00000001)
    .ARM.Collect$$libinit$$00000004          0x000002e6   Section        0  libinit2.o(.ARM.Collect$$libinit$$00000004)
    .ARM.Collect$$libinit$$0000000A          0x000002e6   Section        0  libinit2.o(.ARM.Collect$$libinit$$0000000A)
    .ARM.Collect$$libinit$$0000000C          0x000002e6   Section        0  libinit2.o(.ARM.Collect$$libinit$$0000000C)
    .ARM.Collect$$libinit$$0000000E          0x000002e6   Section        0  libinit2.o(.ARM.Collect$$libinit$$0000000E)
    .ARM.Collect$$libinit$$00000011          0x000002e6   Section        0  libinit2.o(.ARM.Collect$$libinit$$00000011)
    .ARM.Collect$$libinit$$00000013          0x000002e6   Section        0  libinit2.o(.ARM.Collect$$libinit$$00000013)
    .ARM.Collect$$libinit$$00000015          0x000002e6   Section        0  libinit2.o(.ARM.Collect$$libinit$$00000015)
    .ARM.Collect$$libinit$$00000017          0x000002e6   Section        0  libinit2.o(.ARM.Collect$$libinit$$00000017)
    .ARM.Collect$$libinit$$00000019          0x000002e6   Section        0  libinit2.o(.ARM.Collect$$libinit$$00000019)
    .ARM.Collect$$libinit$$0000001B          0x000002e6   Section        0  libinit2.o(.ARM.Collect$$libinit$$0000001B)
    .ARM.Collect$$libinit$$0000001D          0x000002e6   Section        0  libinit2.o(.ARM.Collect$$libinit$$0000001D)
    .ARM.Collect$$libinit$$0000001F          0x000002e6   Section        0  libinit2.o(.ARM.Collect$$libinit$$0000001F)
    .ARM.Collect$$libinit$$00000021          0x000002e6   Section        0  libinit2.o(.ARM.Collect$$libinit$$00000021)
    .ARM.Collect$$libinit$$00000023          0x000002e6   Section        0  libinit2.o(.ARM.Collect$$libinit$$00000023)
    .ARM.Collect$$libinit$$00000025          0x000002e6   Section        0  libinit2.o(.ARM.Collect$$libinit$$00000025)
    .ARM.Collect$$libinit$$0000002C          0x000002e6   Section        0  libinit2.o(.ARM.Collect$$libinit$$0000002C)
    .ARM.Collect$$libinit$$0000002E          0x000002e6   Section        0  libinit2.o(.ARM.Collect$$libinit$$0000002E)
    .ARM.Collect$$libinit$$00000030          0x000002e6   Section        0  libinit2.o(.ARM.Collect$$libinit$$00000030)
    .ARM.Collect$$libinit$$00000032          0x000002e6   Section        0  libinit2.o(.ARM.Collect$$libinit$$00000032)
    .ARM.Collect$$libinit$$00000033          0x000002e6   Section        2  libinit2.o(.ARM.Collect$$libinit$$00000033)
    .ARM.Collect$$libshutdown$$00000000      0x000002e8   Section        2  libshutdown.o(.ARM.Collect$$libshutdown$$00000000)
    .ARM.Collect$$libshutdown$$00000002      0x000002ea   Section        0  libshutdown2.o(.ARM.Collect$$libshutdown$$00000002)
    .ARM.Collect$$libshutdown$$00000004      0x000002ea   Section        0  libshutdown2.o(.ARM.Collect$$libshutdown$$00000004)
    .ARM.Collect$$libshutdown$$00000007      0x000002ea   Section        0  libshutdown2.o(.ARM.Collect$$libshutdown$$00000007)
    .ARM.Collect$$libshutdown$$0000000A      0x000002ea   Section        0  libshutdown2.o(.ARM.Collect$$libshutdown$$0000000A)
    .ARM.Collect$$libshutdown$$0000000C      0x000002ea   Section        0  libshutdown2.o(.ARM.Collect$$libshutdown$$0000000C)
    .ARM.Collect$$libshutdown$$0000000F      0x000002ea   Section        0  libshutdown2.o(.ARM.Collect$$libshutdown$$0000000F)
    .ARM.Collect$$libshutdown$$00000010      0x000002ea   Section        2  libshutdown2.o(.ARM.Collect$$libshutdown$$00000010)
    .ARM.Collect$$rtentry$$00000000          0x000002ec   Section        0  __rtentry.o(.ARM.Collect$$rtentry$$00000000)
    .ARM.Collect$$rtentry$$00000002          0x000002ec   Section        0  __rtentry2.o(.ARM.Collect$$rtentry$$00000002)
    .ARM.Collect$$rtentry$$00000004          0x000002ec   Section        6  __rtentry4.o(.ARM.Collect$$rtentry$$00000004)
    .ARM.Collect$$rtentry$$00000009          0x000002f2   Section        0  __rtentry2.o(.ARM.Collect$$rtentry$$00000009)
    .ARM.Collect$$rtentry$$0000000A          0x000002f2   Section        4  __rtentry2.o(.ARM.Collect$$rtentry$$0000000A)
    .ARM.Collect$$rtentry$$0000000C          0x000002f6   Section        0  __rtentry2.o(.ARM.Collect$$rtentry$$0000000C)
    .ARM.Collect$$rtentry$$0000000D          0x000002f6   Section        8  __rtentry2.o(.ARM.Collect$$rtentry$$0000000D)
    .ARM.Collect$$rtexit$$00000000           0x000002fe   Section        2  rtexit.o(.ARM.Collect$$rtexit$$00000000)
    .ARM.Collect$$rtexit$$00000002           0x00000300   Section        0  rtexit2.o(.ARM.Collect$$rtexit$$00000002)
    .ARM.Collect$$rtexit$$00000003           0x00000300   Section        4  rtexit2.o(.ARM.Collect$$rtexit$$00000003)
    .ARM.Collect$$rtexit$$00000004           0x00000304   Section        6  rtexit2.o(.ARM.Collect$$rtexit$$00000004)
    .text                                    0x0000030c   Section        0  main.o(.text)
    .text                                    0x00000498   Section        0  init.o(.text)
    __NVIC_EnableIRQ                         0x0000062f   Thumb Code    26  init.o(.text)
    .text                                    0x00000680   Section      276  startup_tm4c123.o(.text)
    $v0                                      0x00000680   Number         0  startup_tm4c123.o(.text)
    .text                                    0x00000794   Section        0  system_tm4c123.o(.text)
    getOscClk                                0x00000795   Thumb Code   182  system_tm4c123.o(.text)
    .text                                    0x00000960   Section        0  heapauxi.o(.text)
    .text                                    0x00000966   Section       74  sys_stackheap_outer.o(.text)
    .text                                    0x000009b0   Section        0  exit.o(.text)
    .text                                    0x000009c4   Section        8  libspace.o(.text)
    .text                                    0x000009cc   Section        0  sys_exit.o(.text)
    .text                                    0x000009d8   Section        2  use_no_semi.o(.text)
    .text                                    0x000009da   Section        0  indicate_semi.o(.text)
    x$fpl$dadd                               0x000009dc   Section      336  daddsub_clz.o(x$fpl$dadd)
    $v0                                      0x000009dc   Number         0  daddsub_clz.o(x$fpl$dadd)
    _dadd1                                   0x000009ed   Thumb Code     0  daddsub_clz.o(x$fpl$dadd)
    x$fpl$ddiv                               0x00000b2c   Section      688  ddiv.o(x$fpl$ddiv)
    $v0                                      0x00000b2c   Number         0  ddiv.o(x$fpl$ddiv)
    ddiv_entry                               0x00000b33   Thumb Code     0  ddiv.o(x$fpl$ddiv)
    x$fpl$dfix                               0x00000ddc   Section       94  dfix.o(x$fpl$dfix)
    $v0                                      0x00000ddc   Number         0  dfix.o(x$fpl$dfix)
    x$fpl$dfltu                              0x00000e3a   Section       38  dflt_clz.o(x$fpl$dfltu)
    $v0                                      0x00000e3a   Number         0  dflt_clz.o(x$fpl$dfltu)
    x$fpl$dmul                               0x00000e60   Section      340  dmul.o(x$fpl$dmul)
    $v0                                      0x00000e60   Number         0  dmul.o(x$fpl$dmul)
    x$fpl$dnaninf                            0x00000fb4   Section      156  dnaninf.o(x$fpl$dnaninf)
    $v0                                      0x00000fb4   Number         0  dnaninf.o(x$fpl$dnaninf)
    x$fpl$dretinf                            0x00001050   Section       12  dretinf.o(x$fpl$dretinf)
    $v0                                      0x00001050   Number         0  dretinf.o(x$fpl$dretinf)
    x$fpl$dsub                               0x0000105c   Section      468  daddsub_clz.o(x$fpl$dsub)
    $v0                                      0x0000105c   Number         0  daddsub_clz.o(x$fpl$dsub)
    _dsub1                                   0x0000106d   Thumb Code     0  daddsub_clz.o(x$fpl$dsub)
    x$fpl$fpinit                             0x00001230   Section       10  fpinit.o(x$fpl$fpinit)
    $v0                                      0x00001230   Number         0  fpinit.o(x$fpl$fpinit)
    x$fpl$usenofp                            0x0000123a   Section        0  usenofp.o(x$fpl$usenofp)
    .data                                    0x20000000   Section       96  main.o(.data)
    .data                                    0x20000060   Section        4  init.o(.data)
    .data                                    0x20000064   Section        4  system_tm4c123.o(.data)
    .bss                                     0x20000068   Section       96  libspace.o(.bss)
    HEAP                                     0x200000c8   Section        0  startup_tm4c123.o(HEAP)
    STACK                                    0x200000c8   Section      512  startup_tm4c123.o(STACK)
    Heap_Mem                                 0x200000c8   Data           0  startup_tm4c123.o(HEAP)
    Stack_Mem                                0x200000c8   Data         512  startup_tm4c123.o(STACK)
    __initial_sp                             0x200002c8   Data           0  startup_tm4c123.o(STACK)

    Global Symbols

    Symbol Name                              Value     Ov Type        Size  Object(Section)

    BuildAttributes$$THM_ISAv4$E$P$D$K$B$S$7EM$VFPi3$EXTD16$VFPS$VFMA$PE$A:L22UL41UL21$X:L11$S22US41US21$IEEE1$IW$USESV6$~STKCKD$USESV7$~SHL$OSPACE$ROPI$EBA8$UX$STANDARDLIB$REQ8$PRES8$EABIv2 0x00000000   Number         0  anon$$obj.o ABSOLUTE
    __ARM_use_no_argv                        0x00000000   Number         0  main.o ABSOLUTE
    __Vectors                                0x00000000   Data           4  startup_tm4c123.o(RESET)
    __ARM_exceptions_init                     - Undefined Weak Reference
    __alloca_initialize                       - Undefined Weak Reference
    __arm_preinit_                            - Undefined Weak Reference
    __cpp_initialize__aeabi_                  - Undefined Weak Reference
    __cxa_finalize                            - Undefined Weak Reference
    __rt_locale                               - Undefined Weak Reference
    __sigvec_lookup                           - Undefined Weak Reference
    _atexit_init                              - Undefined Weak Reference
    _call_atexit_fns                          - Undefined Weak Reference
    _clock_init                               - Undefined Weak Reference
    _fp_trap_init                             - Undefined Weak Reference
    _fp_trap_shutdown                         - Undefined Weak Reference
    _get_lc_collate                           - Undefined Weak Reference
    _get_lc_ctype                             - Undefined Weak Reference
    _get_lc_monetary                          - Undefined Weak Reference
    _get_lc_numeric                           - Undefined Weak Reference
    _get_lc_time                              - Undefined Weak Reference
    _getenv_init                              - Undefined Weak Reference
    _handle_redirection                       - Undefined Weak Reference
    _init_alloc                               - Undefined Weak Reference
    _init_user_alloc                          - Undefined Weak Reference
    _initio                                   - Undefined Weak Reference
    _rand_init                                - Undefined Weak Reference
    _signal_finish                            - Undefined Weak Reference
    _signal_init                              - Undefined Weak Reference
    _terminate_alloc                          - Undefined Weak Reference
    _terminate_user_alloc                     - Undefined Weak Reference
    _terminateio                              - Undefined Weak Reference
    __Vectors_End                            0x0000026c   Data           0  startup_tm4c123.o(RESET)
    __Vectors_Size                           0x0000026c   Number         0  startup_tm4c123.o ABSOLUTE
    __main                                   0x0000026d   Thumb Code     8  __main.o(!!!main)
    __scatterload                            0x00000275   Thumb Code     0  __scatter.o(!!!scatter)
    __scatterload_rt2                        0x00000275   Thumb Code    44  __scatter.o(!!!scatter)
    __scatterload_rt2_thumb_only             0x00000275   Thumb Code     0  __scatter.o(!!!scatter)
    __scatterload_null                       0x00000283   Thumb Code     0  __scatter.o(!!!scatter)
    __scatterload_copy                       0x000002a9   Thumb Code    26  __scatter_copy.o(!!handler_copy)
    __scatterload_zeroinit                   0x000002c5   Thumb Code    28  __scatter_zi.o(!!handler_zi)
    __rt_lib_init                            0x000002e1   Thumb Code     0  libinit.o(.ARM.Collect$$libinit$$00000000)
    __rt_lib_init_fp_1                       0x000002e3   Thumb Code     0  libinit2.o(.ARM.Collect$$libinit$$00000001)
    __rt_lib_init_alloca_1                   0x000002e7   Thumb Code     0  libinit2.o(.ARM.Collect$$libinit$$0000002E)
    __rt_lib_init_argv_1                     0x000002e7   Thumb Code     0  libinit2.o(.ARM.Collect$$libinit$$0000002C)
    __rt_lib_init_atexit_1                   0x000002e7   Thumb Code     0  libinit2.o(.ARM.Collect$$libinit$$0000001B)
    __rt_lib_init_clock_1                    0x000002e7   Thumb Code     0  libinit2.o(.ARM.Collect$$libinit$$00000021)
    __rt_lib_init_cpp_1                      0x000002e7   Thumb Code     0  libinit2.o(.ARM.Collect$$libinit$$00000032)
    __rt_lib_init_exceptions_1               0x000002e7   Thumb Code     0  libinit2.o(.ARM.Collect$$libinit$$00000030)
    __rt_lib_init_fp_trap_1                  0x000002e7   Thumb Code     0  libinit2.o(.ARM.Collect$$libinit$$0000001F)
    __rt_lib_init_getenv_1                   0x000002e7   Thumb Code     0  libinit2.o(.ARM.Collect$$libinit$$00000023)
    __rt_lib_init_heap_1                     0x000002e7   Thumb Code     0  libinit2.o(.ARM.Collect$$libinit$$0000000A)
    __rt_lib_init_lc_collate_1               0x000002e7   Thumb Code     0  libinit2.o(.ARM.Collect$$libinit$$00000011)
    __rt_lib_init_lc_ctype_1                 0x000002e7   Thumb Code     0  libinit2.o(.ARM.Collect$$libinit$$00000013)
    __rt_lib_init_lc_monetary_1              0x000002e7   Thumb Code     0  libinit2.o(.ARM.Collect$$libinit$$00000015)
    __rt_lib_init_lc_numeric_1               0x000002e7   Thumb Code     0  libinit2.o(.ARM.Collect$$libinit$$00000017)
    __rt_lib_init_lc_time_1                  0x000002e7   Thumb Code     0  libinit2.o(.ARM.Collect$$libinit$$00000019)
    __rt_lib_init_preinit_1                  0x000002e7   Thumb Code     0  libinit2.o(.ARM.Collect$$libinit$$00000004)
    __rt_lib_init_rand_1                     0x000002e7   Thumb Code     0  libinit2.o(.ARM.Collect$$libinit$$0000000E)
    __rt_lib_init_return                     0x000002e7   Thumb Code     0  libinit2.o(.ARM.Collect$$libinit$$00000033)
    __rt_lib_init_signal_1                   0x000002e7   Thumb Code     0  libinit2.o(.ARM.Collect$$libinit$$0000001D)
    __rt_lib_init_stdio_1                    0x000002e7   Thumb Code     0  libinit2.o(.ARM.Collect$$libinit$$00000025)
    __rt_lib_init_user_alloc_1               0x000002e7   Thumb Code     0  libinit2.o(.ARM.Collect$$libinit$$0000000C)
    __rt_lib_shutdown                        0x000002e9   Thumb Code     0  libshutdown.o(.ARM.Collect$$libshutdown$$00000000)
    __rt_lib_shutdown_cpp_1                  0x000002eb   Thumb Code     0  libshutdown2.o(.ARM.Collect$$libshutdown$$00000002)
    __rt_lib_shutdown_fp_trap_1              0x000002eb   Thumb Code     0  libshutdown2.o(.ARM.Collect$$libshutdown$$00000007)
    __rt_lib_shutdown_heap_1                 0x000002eb   Thumb Code     0  libshutdown2.o(.ARM.Collect$$libshutdown$$0000000F)
    __rt_lib_shutdown_return                 0x000002eb   Thumb Code     0  libshutdown2.o(.ARM.Collect$$libshutdown$$00000010)
    __rt_lib_shutdown_signal_1               0x000002eb   Thumb Code     0  libshutdown2.o(.ARM.Collect$$libshutdown$$0000000A)
    __rt_lib_shutdown_stdio_1                0x000002eb   Thumb Code     0  libshutdown2.o(.ARM.Collect$$libshutdown$$00000004)
    __rt_lib_shutdown_user_alloc_1           0x000002eb   Thumb Code     0  libshutdown2.o(.ARM.Collect$$libshutdown$$0000000C)
    __rt_entry                               0x000002ed   Thumb Code     0  __rtentry.o(.ARM.Collect$$rtentry$$00000000)
    __rt_entry_presh_1                       0x000002ed   Thumb Code     0  __rtentry2.o(.ARM.Collect$$rtentry$$00000002)
    __rt_entry_sh                            0x000002ed   Thumb Code     0  __rtentry4.o(.ARM.Collect$$rtentry$$00000004)
    __rt_entry_li                            0x000002f3   Thumb Code     0  __rtentry2.o(.ARM.Collect$$rtentry$$0000000A)
    __rt_entry_postsh_1                      0x000002f3   Thumb Code     0  __rtentry2.o(.ARM.Collect$$rtentry$$00000009)
    __rt_entry_main                          0x000002f7   Thumb Code     0  __rtentry2.o(.ARM.Collect$$rtentry$$0000000D)
    __rt_entry_postli_1                      0x000002f7   Thumb Code     0  __rtentry2.o(.ARM.Collect$$rtentry$$0000000C)
    __rt_exit                                0x000002ff   Thumb Code     0  rtexit.o(.ARM.Collect$$rtexit$$00000000)
    __rt_exit_ls                             0x00000301   Thumb Code     0  rtexit2.o(.ARM.Collect$$rtexit$$00000003)
    __rt_exit_prels_1                        0x00000301   Thumb Code     0  rtexit2.o(.ARM.Collect$$rtexit$$00000002)
    __rt_exit_exit                           0x00000305   Thumb Code     0  rtexit2.o(.ARM.Collect$$rtexit$$00000004)
    WTIMER1A_Handler                         0x0000030d   Thumb Code   162  main.o(.text)
    I2C_12bit                                0x000003af   Thumb Code    56  main.o(.text)
    WTIMER2A_Handler                         0x000003e7   Thumb Code    52  main.o(.text)
    ADC0SS0_Handler                          0x0000041b   Thumb Code    32  main.o(.text)
    main                                     0x0000043b   Thumb Code    26  main.o(.text)
    ADCInit                                  0x00000499   Thumb Code   192  init.o(.text)
    timerInit                                0x00000559   Thumb Code   148  init.o(.text)
    I2CInit                                  0x000005ed   Thumb Code    66  init.o(.text)
    Reset_Handler                            0x00000681   Thumb Code     8  startup_tm4c123.o(.text)
    NMI_Handler                              0x00000689   Thumb Code     2  startup_tm4c123.o(.text)
    HardFault_Handler                        0x0000068b   Thumb Code     2  startup_tm4c123.o(.text)
    MemManage_Handler                        0x0000068d   Thumb Code     2  startup_tm4c123.o(.text)
    BusFault_Handler                         0x0000068f   Thumb Code     2  startup_tm4c123.o(.text)
    UsageFault_Handler                       0x00000691   Thumb Code     2  startup_tm4c123.o(.text)
    SVC_Handler                              0x00000693   Thumb Code     2  startup_tm4c123.o(.text)
    DebugMon_Handler                         0x00000695   Thumb Code     2  startup_tm4c123.o(.text)
    PendSV_Handler                           0x00000697   Thumb Code     2  startup_tm4c123.o(.text)
    SysTick_Handler                          0x00000699   Thumb Code     2  startup_tm4c123.o(.text)
    GPIOA_Handler                            0x0000069b   Thumb Code     2  startup_tm4c123.o(.text)
    GPIOB_Handler                            0x0000069d   Thumb Code     2  startup_tm4c123.o(.text)
    GPIOC_Handler                            0x0000069f   Thumb Code     2  startup_tm4c123.o(.text)
    GPIOD_Handler                            0x000006a1   Thumb Code     2  startup_tm4c123.o(.text)
    GPIOE_Handler                            0x000006a3   Thumb Code     2  startup_tm4c123.o(.text)
    UART0_Handler                            0x000006a5   Thumb Code     2  startup_tm4c123.o(.text)
    UART1_Handler                            0x000006a7   Thumb Code     2  startup_tm4c123.o(.text)
    SSI0_Handler                             0x000006a9   Thumb Code     2  startup_tm4c123.o(.text)
    I2C0_Handler                             0x000006ab   Thumb Code     2  startup_tm4c123.o(.text)
    PMW0_FAULT_Handler                       0x000006ad   Thumb Code     2  startup_tm4c123.o(.text)
    PWM0_0_Handler                           0x000006af   Thumb Code     2  startup_tm4c123.o(.text)
    PWM0_1_Handler                           0x000006b1   Thumb Code     2  startup_tm4c123.o(.text)
    PWM0_2_Handler                           0x000006b3   Thumb Code     2  startup_tm4c123.o(.text)
    QEI0_Handler                             0x000006b5   Thumb Code     2  startup_tm4c123.o(.text)
    ADC0SS1_Handler                          0x000006b9   Thumb Code     2  startup_tm4c123.o(.text)
    ADC0SS2_Handler                          0x000006bb   Thumb Code     2  startup_tm4c123.o(.text)
    ADC0SS3_Handler                          0x000006bd   Thumb Code     2  startup_tm4c123.o(.text)
    WDT0_Handler                             0x000006bf   Thumb Code     2  startup_tm4c123.o(.text)
    TIMER0A_Handler                          0x000006c1   Thumb Code     2  startup_tm4c123.o(.text)
    TIMER0B_Handler                          0x000006c3   Thumb Code     2  startup_tm4c123.o(.text)
    TIMER1A_Handler                          0x000006c5   Thumb Code     2  startup_tm4c123.o(.text)
    TIMER1B_Handler                          0x000006c7   Thumb Code     2  startup_tm4c123.o(.text)
    TIMER2A_Handler                          0x000006c9   Thumb Code     2  startup_tm4c123.o(.text)
    TIMER2B_Handler                          0x000006cb   Thumb Code     2  startup_tm4c123.o(.text)
    COMP0_Handler                            0x000006cd   Thumb Code     2  startup_tm4c123.o(.text)
    COMP1_Handler                            0x000006cf   Thumb Code     2  startup_tm4c123.o(.text)
    COMP2_Handler                            0x000006d1   Thumb Code     2  startup_tm4c123.o(.text)
    SYSCTL_Handler                           0x000006d3   Thumb Code     2  startup_tm4c123.o(.text)
    FLASH_Handler                            0x000006d5   Thumb Code     2  startup_tm4c123.o(.text)
    GPIOF_Handler                            0x000006d7   Thumb Code     2  startup_tm4c123.o(.text)
    GPIOG_Handler                            0x000006d9   Thumb Code     2  startup_tm4c123.o(.text)
    GPIOH_Handler                            0x000006db   Thumb Code     2  startup_tm4c123.o(.text)
    UART2_Handler                            0x000006dd   Thumb Code     2  startup_tm4c123.o(.text)
    SSI1_Handler                             0x000006df   Thumb Code     2  startup_tm4c123.o(.text)
    TIMER3A_Handler                          0x000006e1   Thumb Code     2  startup_tm4c123.o(.text)
    TIMER3B_Handler                          0x000006e3   Thumb Code     2  startup_tm4c123.o(.text)
    I2C1_Handler                             0x000006e5   Thumb Code     2  startup_tm4c123.o(.text)
    QEI1_Handler                             0x000006e7   Thumb Code     2  startup_tm4c123.o(.text)
    CAN0_Handler                             0x000006e9   Thumb Code     2  startup_tm4c123.o(.text)
    CAN1_Handler                             0x000006eb   Thumb Code     2  startup_tm4c123.o(.text)
    CAN2_Handler                             0x000006ed   Thumb Code     2  startup_tm4c123.o(.text)
    HIB_Handler                              0x000006ef   Thumb Code     2  startup_tm4c123.o(.text)
    USB0_Handler                             0x000006f1   Thumb Code     2  startup_tm4c123.o(.text)
    PWM0_3_Handler                           0x000006f3   Thumb Code     2  startup_tm4c123.o(.text)
    UDMA_Handler                             0x000006f5   Thumb Code     2  startup_tm4c123.o(.text)
    UDMAERR_Handler                          0x000006f7   Thumb Code     2  startup_tm4c123.o(.text)
    ADC1SS0_Handler                          0x000006f9   Thumb Code     2  startup_tm4c123.o(.text)
    ADC1SS1_Handler                          0x000006fb   Thumb Code     2  startup_tm4c123.o(.text)
    ADC1SS2_Handler                          0x000006fd   Thumb Code     2  startup_tm4c123.o(.text)
    ADC1SS3_Handler                          0x000006ff   Thumb Code     2  startup_tm4c123.o(.text)
    GPIOJ_Handler                            0x00000701   Thumb Code     2  startup_tm4c123.o(.text)
    GPIOK_Handler                            0x00000703   Thumb Code     2  startup_tm4c123.o(.text)
    GPIOL_Handler                            0x00000705   Thumb Code     2  startup_tm4c123.o(.text)
    SSI2_Handler                             0x00000707   Thumb Code     2  startup_tm4c123.o(.text)
    SSI3_Handler                             0x00000709   Thumb Code     2  startup_tm4c123.o(.text)
    UART3_Handler                            0x0000070b   Thumb Code     2  startup_tm4c123.o(.text)
    UART4_Handler                            0x0000070d   Thumb Code     2  startup_tm4c123.o(.text)
    UART5_Handler                            0x0000070f   Thumb Code     2  startup_tm4c123.o(.text)
    UART6_Handler                            0x00000711   Thumb Code     2  startup_tm4c123.o(.text)
    UART7_Handler                            0x00000713   Thumb Code     2  startup_tm4c123.o(.text)
    I2C2_Handler                             0x00000715   Thumb Code     2  startup_tm4c123.o(.text)
    I2C3_Handler                             0x00000717   Thumb Code     2  startup_tm4c123.o(.text)
    TIMER4A_Handler                          0x00000719   Thumb Code     2  startup_tm4c123.o(.text)
    TIMER4B_Handler                          0x0000071b   Thumb Code     2  startup_tm4c123.o(.text)
    TIMER5A_Handler                          0x0000071d   Thumb Code     2  startup_tm4c123.o(.text)
    TIMER5B_Handler                          0x0000071f   Thumb Code     2  startup_tm4c123.o(.text)
    WTIMER0A_Handler                         0x00000721   Thumb Code     2  startup_tm4c123.o(.text)
    WTIMER0B_Handler                         0x00000723   Thumb Code     2  startup_tm4c123.o(.text)
    WTIMER1B_Handler                         0x00000727   Thumb Code     2  startup_tm4c123.o(.text)
    WTIMER2B_Handler                         0x0000072b   Thumb Code     2  startup_tm4c123.o(.text)
    WTIMER3A_Handler                         0x0000072d   Thumb Code     2  startup_tm4c123.o(.text)
    WTIMER3B_Handler                         0x0000072f   Thumb Code     2  startup_tm4c123.o(.text)
    WTIMER4A_Handler                         0x00000731   Thumb Code     2  startup_tm4c123.o(.text)
    WTIMER4B_Handler                         0x00000733   Thumb Code     2  startup_tm4c123.o(.text)
    WTIMER5A_Handler                         0x00000735   Thumb Code     2  startup_tm4c123.o(.text)
    WTIMER5B_Handler                         0x00000737   Thumb Code     2  startup_tm4c123.o(.text)
    FPU_Handler                              0x00000739   Thumb Code     2  startup_tm4c123.o(.text)
    I2C4_Handler                             0x0000073b   Thumb Code     2  startup_tm4c123.o(.text)
    I2C5_Handler                             0x0000073d   Thumb Code     2  startup_tm4c123.o(.text)
    GPIOM_Handler                            0x0000073f   Thumb Code     2  startup_tm4c123.o(.text)
    GPION_Handler                            0x00000741   Thumb Code     2  startup_tm4c123.o(.text)
    QEI2_Handler                             0x00000743   Thumb Code     2  startup_tm4c123.o(.text)
    GPIOP0_Handler                           0x00000745   Thumb Code     2  startup_tm4c123.o(.text)
    GPIOP1_Handler                           0x00000747   Thumb Code     2  startup_tm4c123.o(.text)
    GPIOP2_Handler                           0x00000749   Thumb Code     2  startup_tm4c123.o(.text)
    GPIOP3_Handler                           0x0000074b   Thumb Code     2  startup_tm4c123.o(.text)
    GPIOP4_Handler                           0x0000074d   Thumb Code     2  startup_tm4c123.o(.text)
    GPIOP5_Handler                           0x0000074f   Thumb Code     2  startup_tm4c123.o(.text)
    GPIOP6_Handler                           0x00000751   Thumb Code     2  startup_tm4c123.o(.text)
    GPIOP7_Handler                           0x00000753   Thumb Code     2  startup_tm4c123.o(.text)
    GPIOQ0_Handler                           0x00000755   Thumb Code     2  startup_tm4c123.o(.text)
    GPIOQ1_Handler                           0x00000757   Thumb Code     2  startup_tm4c123.o(.text)
    GPIOQ2_Handler                           0x00000759   Thumb Code     2  startup_tm4c123.o(.text)
    GPIOQ3_Handler                           0x0000075b   Thumb Code     2  startup_tm4c123.o(.text)
    GPIOQ4_Handler                           0x0000075d   Thumb Code     2  startup_tm4c123.o(.text)
    GPIOQ5_Handler                           0x0000075f   Thumb Code     2  startup_tm4c123.o(.text)
    GPIOQ6_Handler                           0x00000761   Thumb Code     2  startup_tm4c123.o(.text)
    GPIOQ7_Handler                           0x00000763   Thumb Code     2  startup_tm4c123.o(.text)
    GPIOR_Handler                            0x00000765   Thumb Code     2  startup_tm4c123.o(.text)
    GPIOS_Handler                            0x00000767   Thumb Code     2  startup_tm4c123.o(.text)
    PMW1_0_Handler                           0x00000769   Thumb Code     2  startup_tm4c123.o(.text)
    PWM1_1_Handler                           0x0000076b   Thumb Code     2  startup_tm4c123.o(.text)
    PWM1_2_Handler                           0x0000076d   Thumb Code     2  startup_tm4c123.o(.text)
    PWM1_3_Handler                           0x0000076f   Thumb Code     2  startup_tm4c123.o(.text)
    PWM1_FAULT_Handler                       0x00000771   Thumb Code     2  startup_tm4c123.o(.text)
    __user_initial_stackheap                 0x00000775   Thumb Code     0  startup_tm4c123.o(.text)
    SystemCoreClockUpdate                    0x0000084b   Thumb Code   184  system_tm4c123.o(.text)
    SystemInit                               0x00000903   Thumb Code    14  system_tm4c123.o(.text)
    __use_two_region_memory                  0x00000961   Thumb Code     2  heapauxi.o(.text)
    __rt_heap_escrow$2region                 0x00000963   Thumb Code     2  heapauxi.o(.text)
    __rt_heap_expand$2region                 0x00000965   Thumb Code     2  heapauxi.o(.text)
    __user_setup_stackheap                   0x00000967   Thumb Code    74  sys_stackheap_outer.o(.text)
    exit                                     0x000009b1   Thumb Code    18  exit.o(.text)
    __user_libspace                          0x000009c5   Thumb Code     8  libspace.o(.text)
    __user_perproc_libspace                  0x000009c5   Thumb Code     0  libspace.o(.text)
    __user_perthread_libspace                0x000009c5   Thumb Code     0  libspace.o(.text)
    _sys_exit                                0x000009cd   Thumb Code     8  sys_exit.o(.text)
    __I$use$semihosting                      0x000009d9   Thumb Code     0  use_no_semi.o(.text)
    __use_no_semihosting_swi                 0x000009d9   Thumb Code     2  use_no_semi.o(.text)
    __semihosting_library_function           0x000009db   Thumb Code     0  indicate_semi.o(.text)
    __aeabi_dadd                             0x000009dd   Thumb Code     0  daddsub_clz.o(x$fpl$dadd)
    _dadd                                    0x000009dd   Thumb Code   332  daddsub_clz.o(x$fpl$dadd)
    __aeabi_ddiv                             0x00000b2d   Thumb Code     0  ddiv.o(x$fpl$ddiv)
    _ddiv                                    0x00000b2d   Thumb Code   552  ddiv.o(x$fpl$ddiv)
    __aeabi_d2iz                             0x00000ddd   Thumb Code     0  dfix.o(x$fpl$dfix)
    _dfix                                    0x00000ddd   Thumb Code    94  dfix.o(x$fpl$dfix)
    __aeabi_ui2d                             0x00000e3b   Thumb Code     0  dflt_clz.o(x$fpl$dfltu)
    _dfltu                                   0x00000e3b   Thumb Code    38  dflt_clz.o(x$fpl$dfltu)
    __aeabi_dmul                             0x00000e61   Thumb Code     0  dmul.o(x$fpl$dmul)
    _dmul                                    0x00000e61   Thumb Code   332  dmul.o(x$fpl$dmul)
    __fpl_dnaninf                            0x00000fb5   Thumb Code   156  dnaninf.o(x$fpl$dnaninf)
    __fpl_dretinf                            0x00001051   Thumb Code    12  dretinf.o(x$fpl$dretinf)
    __aeabi_dsub                             0x0000105d   Thumb Code     0  daddsub_clz.o(x$fpl$dsub)
    _dsub                                    0x0000105d   Thumb Code   464  daddsub_clz.o(x$fpl$dsub)
    _fp_init                                 0x00001231   Thumb Code    10  fpinit.o(x$fpl$fpinit)
    __fplib_config_fpu_vfp                   0x00001239   Thumb Code     0  fpinit.o(x$fpl$fpinit)
    __fplib_config_pureend_doubles           0x00001239   Thumb Code     0  fpinit.o(x$fpl$fpinit)
    __I$use$fp                               0x0000123a   Number         0  usenofp.o(x$fpl$usenofp)
    Region$$Table$$Base                      0x0000123c   Number         0  anon$$obj.o(Region$$Table)
    Region$$Table$$Limit                     0x0000125c   Number         0  anon$$obj.o(Region$$Table)
    Voltage                                  0x20000000   Data           4  main.o(.data)
    SINUSOID_MAX                             0x20000004   Data           4  main.o(.data)
    SINUSOID                                 0x20000008   Data          80  main.o(.data)
    currSine                                 0x20000058   Data           4  main.o(.data)
    numVoltage                               0x2000005c   Data           4  main.o(.data)
    CORE_INIT                                0x20000060   Data           4  init.o(.data)
    SystemCoreClock                          0x20000064   Data           4  system_tm4c123.o(.data)
    __libspace_start                         0x20000068   Data          96  libspace.o(.bss)
    __temporary_stack_top$libspace           0x200000c8   Data           0  libspace.o(.bss)



==============================================================================

Memory Map of the image

  Image Entry point : 0x00000681

  Load Region LR_1 (Base: 0x00000000, Size: 0x000012c4, Max: 0xffffffff, ABSOLUTE)

    Execution Region ER_RO (Exec base: 0x00000000, Load base: 0x00000000, Size: 0x0000125c, Max: 0xffffffff, ABSOLUTE)

    Exec Addr    Load Addr    Size         Type   Attr      Idx    E Section Name        Object

    0x00000000   0x00000000   0x0000026c   Data   RO           93    RESET               startup_tm4c123.o
    0x0000026c   0x0000026c   0x00000008   Code   RO          135  * !!!main             c_w.l(__main.o)
    0x00000274   0x00000274   0x00000034   Code   RO          319    !!!scatter          c_w.l(__scatter.o)
    0x000002a8   0x000002a8   0x0000001a   Code   RO          321    !!handler_copy      c_w.l(__scatter_copy.o)
    0x000002c2   0x000002c2   0x00000002   PAD
    0x000002c4   0x000002c4   0x0000001c   Code   RO          323    !!handler_zi        c_w.l(__scatter_zi.o)
    0x000002e0   0x000002e0   0x00000002   Code   RO          189    .ARM.Collect$$libinit$$00000000  c_w.l(libinit.o)
    0x000002e2   0x000002e2   0x00000004   Code   RO          195    .ARM.Collect$$libinit$$00000001  c_w.l(libinit2.o)
    0x000002e6   0x000002e6   0x00000000   Code   RO          198    .ARM.Collect$$libinit$$00000004  c_w.l(libinit2.o)
    0x000002e6   0x000002e6   0x00000000   Code   RO          201    .ARM.Collect$$libinit$$0000000A  c_w.l(libinit2.o)
    0x000002e6   0x000002e6   0x00000000   Code   RO          203    .ARM.Collect$$libinit$$0000000C  c_w.l(libinit2.o)
    0x000002e6   0x000002e6   0x00000000   Code   RO          205    .ARM.Collect$$libinit$$0000000E  c_w.l(libinit2.o)
    0x000002e6   0x000002e6   0x00000000   Code   RO          208    .ARM.Collect$$libinit$$00000011  c_w.l(libinit2.o)
    0x000002e6   0x000002e6   0x00000000   Code   RO          210    .ARM.Collect$$libinit$$00000013  c_w.l(libinit2.o)
    0x000002e6   0x000002e6   0x00000000   Code   RO          212    .ARM.Collect$$libinit$$00000015  c_w.l(libinit2.o)
    0x000002e6   0x000002e6   0x00000000   Code   RO          214    .ARM.Collect$$libinit$$00000017  c_w.l(libinit2.o)
    0x000002e6   0x000002e6   0x00000000   Code   RO          216    .ARM.Collect$$libinit$$00000019  c_w.l(libinit2.o)
    0x000002e6   0x000002e6   0x00000000   Code   RO          218    .ARM.Collect$$libinit$$0000001B  c_w.l(libinit2.o)
    0x000002e6   0x000002e6   0x00000000   Code   RO          220    .ARM.Collect$$libinit$$0000001D  c_w.l(libinit2.o)
    0x000002e6   0x000002e6   0x00000000   Code   RO          222    .ARM.Collect$$libinit$$0000001F  c_w.l(libinit2.o)
    0x000002e6   0x000002e6   0x00000000   Code   RO          224    .ARM.Collect$$libinit$$00000021  c_w.l(libinit2.o)
    0x000002e6   0x000002e6   0x00000000   Code   RO          226    .ARM.Collect$$libinit$$00000023  c_w.l(libinit2.o)
    0x000002e6   0x000002e6   0x00000000   Code   RO          228    .ARM.Collect$$libinit$$00000025  c_w.l(libinit2.o)
    0x000002e6   0x000002e6   0x00000000   Code   RO          232    .ARM.Collect$$libinit$$0000002C  c_w.l(libinit2.o)
    0x000002e6   0x000002e6   0x00000000   Code   RO          234    .ARM.Collect$$libinit$$0000002E  c_w.l(libinit2.o)
    0x000002e6   0x000002e6   0x00000000   Code   RO          236    .ARM.Collect$$libinit$$00000030  c_w.l(libinit2.o)
    0x000002e6   0x000002e6   0x00000000   Code   RO          238    .ARM.Collect$$libinit$$00000032  c_w.l(libinit2.o)
    0x000002e6   0x000002e6   0x00000002   Code   RO          239    .ARM.Collect$$libinit$$00000033  c_w.l(libinit2.o)
    0x000002e8   0x000002e8   0x00000002   Code   RO          259    .ARM.Collect$$libshutdown$$00000000  c_w.l(libshutdown.o)
    0x000002ea   0x000002ea   0x00000000   Code   RO          272    .ARM.Collect$$libshutdown$$00000002  c_w.l(libshutdown2.o)
    0x000002ea   0x000002ea   0x00000000   Code   RO          274    .ARM.Collect$$libshutdown$$00000004  c_w.l(libshutdown2.o)
    0x000002ea   0x000002ea   0x00000000   Code   RO          277    .ARM.Collect$$libshutdown$$00000007  c_w.l(libshutdown2.o)
    0x000002ea   0x000002ea   0x00000000   Code   RO          280    .ARM.Collect$$libshutdown$$0000000A  c_w.l(libshutdown2.o)
    0x000002ea   0x000002ea   0x00000000   Code   RO          282    .ARM.Collect$$libshutdown$$0000000C  c_w.l(libshutdown2.o)
    0x000002ea   0x000002ea   0x00000000   Code   RO          285    .ARM.Collect$$libshutdown$$0000000F  c_w.l(libshutdown2.o)
    0x000002ea   0x000002ea   0x00000002   Code   RO          286    .ARM.Collect$$libshutdown$$00000010  c_w.l(libshutdown2.o)
    0x000002ec   0x000002ec   0x00000000   Code   RO          159    .ARM.Collect$$rtentry$$00000000  c_w.l(__rtentry.o)
    0x000002ec   0x000002ec   0x00000000   Code   RO          166    .ARM.Collect$$rtentry$$00000002  c_w.l(__rtentry2.o)
    0x000002ec   0x000002ec   0x00000006   Code   RO          178    .ARM.Collect$$rtentry$$00000004  c_w.l(__rtentry4.o)
    0x000002f2   0x000002f2   0x00000000   Code   RO          168    .ARM.Collect$$rtentry$$00000009  c_w.l(__rtentry2.o)
    0x000002f2   0x000002f2   0x00000004   Code   RO          169    .ARM.Collect$$rtentry$$0000000A  c_w.l(__rtentry2.o)
    0x000002f6   0x000002f6   0x00000000   Code   RO          171    .ARM.Collect$$rtentry$$0000000C  c_w.l(__rtentry2.o)
    0x000002f6   0x000002f6   0x00000008   Code   RO          172    .ARM.Collect$$rtentry$$0000000D  c_w.l(__rtentry2.o)
    0x000002fe   0x000002fe   0x00000002   Code   RO          193    .ARM.Collect$$rtexit$$00000000  c_w.l(rtexit.o)
    0x00000300   0x00000300   0x00000000   Code   RO          241    .ARM.Collect$$rtexit$$00000002  c_w.l(rtexit2.o)
    0x00000300   0x00000300   0x00000004   Code   RO          242    .ARM.Collect$$rtexit$$00000003  c_w.l(rtexit2.o)
    0x00000304   0x00000304   0x00000006   Code   RO          243    .ARM.Collect$$rtexit$$00000004  c_w.l(rtexit2.o)
    0x0000030a   0x0000030a   0x00000002   PAD
    0x0000030c   0x0000030c   0x0000018c   Code   RO            4    .text               main.o
    0x00000498   0x00000498   0x000001e8   Code   RO           57    .text               init.o
    0x00000680   0x00000680   0x00000114   Code   RO           94  * .text               startup_tm4c123.o
    0x00000794   0x00000794   0x000001cc   Code   RO          101    .text               system_tm4c123.o
    0x00000960   0x00000960   0x00000006   Code   RO          133    .text               c_w.l(heapauxi.o)
    0x00000966   0x00000966   0x0000004a   Code   RO          180    .text               c_w.l(sys_stackheap_outer.o)
    0x000009b0   0x000009b0   0x00000012   Code   RO          182    .text               c_w.l(exit.o)
    0x000009c2   0x000009c2   0x00000002   PAD
    0x000009c4   0x000009c4   0x00000008   Code   RO          190    .text               c_w.l(libspace.o)
    0x000009cc   0x000009cc   0x0000000c   Code   RO          251    .text               c_w.l(sys_exit.o)
    0x000009d8   0x000009d8   0x00000002   Code   RO          262    .text               c_w.l(use_no_semi.o)
    0x000009da   0x000009da   0x00000000   Code   RO          264    .text               c_w.l(indicate_semi.o)
    0x000009da   0x000009da   0x00000002   PAD
    0x000009dc   0x000009dc   0x00000150   Code   RO          137    x$fpl$dadd          fz_wm.l(daddsub_clz.o)
    0x00000b2c   0x00000b2c   0x000002b0   Code   RO          144    x$fpl$ddiv          fz_wm.l(ddiv.o)
    0x00000ddc   0x00000ddc   0x0000005e   Code   RO          147    x$fpl$dfix          fz_wm.l(dfix.o)
    0x00000e3a   0x00000e3a   0x00000026   Code   RO          151    x$fpl$dfltu         fz_wm.l(dflt_clz.o)
    0x00000e60   0x00000e60   0x00000154   Code   RO          157    x$fpl$dmul          fz_wm.l(dmul.o)
    0x00000fb4   0x00000fb4   0x0000009c   Code   RO          160    x$fpl$dnaninf       fz_wm.l(dnaninf.o)
    0x00001050   0x00001050   0x0000000c   Code   RO          162    x$fpl$dretinf       fz_wm.l(dretinf.o)
    0x0000105c   0x0000105c   0x000001d4   Code   RO          139    x$fpl$dsub          fz_wm.l(daddsub_clz.o)
    0x00001230   0x00001230   0x0000000a   Code   RO          249    x$fpl$fpinit        fz_wm.l(fpinit.o)
    0x0000123a   0x0000123a   0x00000000   Code   RO          164    x$fpl$usenofp       fz_wm.l(usenofp.o)
    0x0000123a   0x0000123a   0x00000002   PAD
    0x0000123c   0x0000123c   0x00000020   Data   RO          317    Region$$Table       anon$$obj.o


    Execution Region ER_RW (Exec base: 0x20000000, Load base: 0x0000125c, Size: 0x00000068, Max: 0xffffffff, ABSOLUTE)

    Exec Addr    Load Addr    Size         Type   Attr      Idx    E Section Name        Object

    0x20000000   0x0000125c   0x00000060   Data   RW            5    .data               main.o
    0x20000060   0x000012bc   0x00000004   Data   RW           58    .data               init.o
    0x20000064   0x000012c0   0x00000004   Data   RW          102    .data               system_tm4c123.o


    Execution Region ER_ZI (Exec base: 0x20000068, Load base: 0x000012c4, Size: 0x00000260, Max: 0xffffffff, ABSOLUTE)

    Exec Addr    Load Addr    Size         Type   Attr      Idx    E Section Name        Object

    0x20000068        -       0x00000060   Zero   RW          191    .bss                c_w.l(libspace.o)
    0x200000c8        -       0x00000000   Zero   RW           92    HEAP                startup_tm4c123.o
    0x200000c8        -       0x00000200   Zero   RW           91    STACK               startup_tm4c123.o


==============================================================================

Image component sizes


      Code (inc. data)   RO Data    RW Data    ZI Data      Debug   Object Name

       488         56          0          4          0      30983   init.o
       396         68          0         96          0      28843   main.o
       276         24        620          0        512       5472   startup_tm4c123.o
       460        104          0          4          0       1469   system_tm4c123.o

    ----------------------------------------------------------------------
      1620        252        652        104        512      66767   Object Totals
         0          0         32          0          0          0   (incl. Generated)
         0          0          0          0          0          0   (incl. Padding)

    ----------------------------------------------------------------------

      Code (inc. data)   RO Data    RW Data    ZI Data      Debug   Library Member Name

         8          0          0          0          0         68   __main.o
         0          0          0          0          0          0   __rtentry.o
        12          0          0          0          0          0   __rtentry2.o
         6          0          0          0          0          0   __rtentry4.o
        52          8          0          0          0          0   __scatter.o
        26          0          0          0          0          0   __scatter_copy.o
        28          0          0          0          0          0   __scatter_zi.o
        18          0          0          0          0         80   exit.o
         6          0          0          0          0        152   heapauxi.o
         0          0          0          0          0          0   indicate_semi.o
         2          0          0          0          0          0   libinit.o
         6          0          0          0          0          0   libinit2.o
         2          0          0          0          0          0   libshutdown.o
         2          0          0          0          0          0   libshutdown2.o
         8          4          0          0         96         68   libspace.o
         2          0          0          0          0          0   rtexit.o
        10          0          0          0          0          0   rtexit2.o
        12          4          0          0          0         68   sys_exit.o
        74          0          0          0          0         80   sys_stackheap_outer.o
         2          0          0          0          0         68   use_no_semi.o
       804         16          0          0          0        368   daddsub_clz.o
       688        140          0          0          0        256   ddiv.o
        94          4          0          0          0        140   dfix.o
        38          0          0          0          0        116   dflt_clz.o
       340         12          0          0          0        152   dmul.o
       156          4          0          0          0        140   dnaninf.o
        12          0          0          0          0        116   dretinf.o
        10          0          0          0          0        116   fpinit.o
         0          0          0          0          0          0   usenofp.o

    ----------------------------------------------------------------------
      2428        192          0          0         96       1988   Library Totals
        10          0          0          0          0          0   (incl. Padding)

    ----------------------------------------------------------------------

      Code (inc. data)   RO Data    RW Data    ZI Data      Debug   Library Name

       276         16          0          0         96        584   c_w.l
      2142        176          0          0          0       1404   fz_wm.l

    ----------------------------------------------------------------------
      2428        192          0          0         96       1988   Library Totals

    ----------------------------------------------------------------------

==============================================================================


      Code (inc. data)   RO Data    RW Data    ZI Data      Debug   

      4048        444        652        104        608      67399   Grand Totals
      4048        444        652        104        608      67399   ELF Image Totals
      4048        444        652        104          0          0   ROM Totals

==============================================================================

    Total RO  Size (Code + RO Data)                 4700 (   4.59kB)
    Total RW  Size (RW Data + ZI Data)               712 (   0.70kB)
    Total ROM Size (Code + RO Data + RW Data)       4804 (   4.69kB)

==============================================================================

