Component: ARM Compiler 5.06 update 5 (build 528) Tool: armlink [4d35e2]

==============================================================================

Section Cross References

    main.o(.text) refers to shapes.o(.text) for draw_rectangle
    main.o(.text) refers to lcd.o(.text) for get_touch_x
    main.o(.text) refers to rt_memcpy_w.o(.text) for __aeabi_memcpy4
    main.o(.text) refers to main.o(.bss) for btn1
    main.o(.text) refers to main.o(.data) for doneTouch
    shapes.o(.text) refers to lcd.o(.text) for write_cmd
    battleship.o(.text) refers to shapes.o(.text) for BtnData_new
    battleship.o(.text) refers to rt_memcpy_w.o(.text) for __aeabi_memcpy4
    battleship.o(.text) refers to battleship.o(.data) for borderWidth
    battleship.o(.text) refers to battleship.o(.bss) for p1Ships
    startup_tm4c123.o(STACK) refers (Special) to heapauxi.o(.text) for __use_two_region_memory
    startup_tm4c123.o(HEAP) refers (Special) to heapauxi.o(.text) for __use_two_region_memory
    startup_tm4c123.o(RESET) refers (Special) to heapauxi.o(.text) for __use_two_region_memory
    startup_tm4c123.o(RESET) refers to startup_tm4c123.o(STACK) for __initial_sp
    startup_tm4c123.o(RESET) refers to startup_tm4c123.o(.text) for Reset_Handler
    startup_tm4c123.o(RESET) refers to main.o(.text) for GPIOB_Handler
    startup_tm4c123.o(.text) refers (Special) to heapauxi.o(.text) for __use_two_region_memory
    startup_tm4c123.o(.text) refers to system_tm4c123.o(.text) for SystemInit
    startup_tm4c123.o(.text) refers to __main.o(!!!main) for __main
    startup_tm4c123.o(.text) refers to startup_tm4c123.o(HEAP) for Heap_Mem
    startup_tm4c123.o(.text) refers to startup_tm4c123.o(STACK) for Stack_Mem
    system_tm4c123.o(.text) refers to system_tm4c123.o(.data) for SystemCoreClock
    __main.o(!!!main) refers to __rtentry.o(.ARM.Collect$$rtentry$$00000000) for __rt_entry
    __rtentry.o(.ARM.Collect$$rtentry$$00000000) refers (Special) to __rtentry2.o(.ARM.Collect$$rtentry$$0000000A) for __rt_entry_li
    __rtentry.o(.ARM.Collect$$rtentry$$00000000) refers (Special) to __rtentry2.o(.ARM.Collect$$rtentry$$0000000D) for __rt_entry_main
    __rtentry.o(.ARM.Collect$$rtentry$$00000000) refers (Special) to __rtentry2.o(.ARM.Collect$$rtentry$$0000000C) for __rt_entry_postli_1
    __rtentry.o(.ARM.Collect$$rtentry$$00000000) refers (Special) to __rtentry2.o(.ARM.Collect$$rtentry$$00000009) for __rt_entry_postsh_1
    __rtentry.o(.ARM.Collect$$rtentry$$00000000) refers (Special) to __rtentry2.o(.ARM.Collect$$rtentry$$00000002) for __rt_entry_presh_1
    __rtentry.o(.ARM.Collect$$rtentry$$00000000) refers (Special) to __rtentry4.o(.ARM.Collect$$rtentry$$00000004) for __rt_entry_sh
    __rtentry2.o(.ARM.Collect$$rtentry$$00000008) refers to boardinit2.o(.text) for _platform_post_stackheap_init
    __rtentry2.o(.ARM.Collect$$rtentry$$0000000A) refers to libinit.o(.ARM.Collect$$libinit$$00000000) for __rt_lib_init
    __rtentry2.o(.ARM.Collect$$rtentry$$0000000B) refers to boardinit3.o(.text) for _platform_post_lib_init
    __rtentry2.o(.ARM.Collect$$rtentry$$0000000D) refers to main.o(.text) for main
    __rtentry2.o(.ARM.Collect$$rtentry$$0000000D) refers to exit.o(.text) for exit
    __rtentry2.o(.ARM.exidx) refers to __rtentry2.o(.ARM.Collect$$rtentry$$00000001) for .ARM.Collect$$rtentry$$00000001
    __rtentry2.o(.ARM.exidx) refers to __rtentry2.o(.ARM.Collect$$rtentry$$00000008) for .ARM.Collect$$rtentry$$00000008
    __rtentry2.o(.ARM.exidx) refers to __rtentry2.o(.ARM.Collect$$rtentry$$0000000A) for .ARM.Collect$$rtentry$$0000000A
    __rtentry2.o(.ARM.exidx) refers to __rtentry2.o(.ARM.Collect$$rtentry$$0000000B) for .ARM.Collect$$rtentry$$0000000B
    __rtentry2.o(.ARM.exidx) refers to __rtentry2.o(.ARM.Collect$$rtentry$$0000000D) for .ARM.Collect$$rtentry$$0000000D
    __rtentry4.o(.ARM.Collect$$rtentry$$00000004) refers to sys_stackheap_outer.o(.text) for __user_setup_stackheap
    __rtentry4.o(.ARM.exidx) refers to __rtentry4.o(.ARM.Collect$$rtentry$$00000004) for .ARM.Collect$$rtentry$$00000004
    sys_stackheap_outer.o(.text) refers to libspace.o(.text) for __user_perproc_libspace
    sys_stackheap_outer.o(.text) refers to startup_tm4c123.o(.text) for __user_initial_stackheap
    exit.o(.text) refers to rtexit.o(.ARM.Collect$$rtexit$$00000000) for __rt_exit
    libinit.o(.ARM.Collect$$libinit$$00000000) refers (Special) to libinit2.o(.ARM.Collect$$libinit$$0000002E) for __rt_lib_init_alloca_1
    libinit.o(.ARM.Collect$$libinit$$00000000) refers (Special) to libinit2.o(.ARM.Collect$$libinit$$0000002C) for __rt_lib_init_argv_1
    libinit.o(.ARM.Collect$$libinit$$00000000) refers (Special) to libinit2.o(.ARM.Collect$$libinit$$0000001B) for __rt_lib_init_atexit_1
    libinit.o(.ARM.Collect$$libinit$$00000000) refers (Special) to libinit2.o(.ARM.Collect$$libinit$$00000021) for __rt_lib_init_clock_1
    libinit.o(.ARM.Collect$$libinit$$00000000) refers (Special) to libinit2.o(.ARM.Collect$$libinit$$00000032) for __rt_lib_init_cpp_1
    libinit.o(.ARM.Collect$$libinit$$00000000) refers (Special) to libinit2.o(.ARM.Collect$$libinit$$00000030) for __rt_lib_init_exceptions_1
    libinit.o(.ARM.Collect$$libinit$$00000000) refers (Special) to libinit2.o(.ARM.Collect$$libinit$$00000001) for __rt_lib_init_fp_1
    libinit.o(.ARM.Collect$$libinit$$00000000) refers (Special) to libinit2.o(.ARM.Collect$$libinit$$0000001F) for __rt_lib_init_fp_trap_1
    libinit.o(.ARM.Collect$$libinit$$00000000) refers (Special) to libinit2.o(.ARM.Collect$$libinit$$00000023) for __rt_lib_init_getenv_1
    libinit.o(.ARM.Collect$$libinit$$00000000) refers (Special) to libinit2.o(.ARM.Collect$$libinit$$0000000A) for __rt_lib_init_heap_1
    libinit.o(.ARM.Collect$$libinit$$00000000) refers (Special) to libinit2.o(.ARM.Collect$$libinit$$00000011) for __rt_lib_init_lc_collate_1
    libinit.o(.ARM.Collect$$libinit$$00000000) refers (Special) to libinit2.o(.ARM.Collect$$libinit$$00000013) for __rt_lib_init_lc_ctype_1
    libinit.o(.ARM.Collect$$libinit$$00000000) refers (Special) to libinit2.o(.ARM.Collect$$libinit$$00000015) for __rt_lib_init_lc_monetary_1
    libinit.o(.ARM.Collect$$libinit$$00000000) refers (Special) to libinit2.o(.ARM.Collect$$libinit$$00000017) for __rt_lib_init_lc_numeric_1
    libinit.o(.ARM.Collect$$libinit$$00000000) refers (Special) to libinit2.o(.ARM.Collect$$libinit$$00000019) for __rt_lib_init_lc_time_1
    libinit.o(.ARM.Collect$$libinit$$00000000) refers (Special) to libinit2.o(.ARM.Collect$$libinit$$00000004) for __rt_lib_init_preinit_1
    libinit.o(.ARM.Collect$$libinit$$00000000) refers (Special) to libinit2.o(.ARM.Collect$$libinit$$0000000E) for __rt_lib_init_rand_1
    libinit.o(.ARM.Collect$$libinit$$00000000) refers (Special) to libinit2.o(.ARM.Collect$$libinit$$00000033) for __rt_lib_init_return
    libinit.o(.ARM.Collect$$libinit$$00000000) refers (Special) to libinit2.o(.ARM.Collect$$libinit$$0000001D) for __rt_lib_init_signal_1
    libinit.o(.ARM.Collect$$libinit$$00000000) refers (Special) to libinit2.o(.ARM.Collect$$libinit$$00000025) for __rt_lib_init_stdio_1
    libinit.o(.ARM.Collect$$libinit$$00000000) refers (Special) to libinit2.o(.ARM.Collect$$libinit$$0000000C) for __rt_lib_init_user_alloc_1
    libspace.o(.text) refers to libspace.o(.bss) for __libspace_start
    rtexit.o(.ARM.Collect$$rtexit$$00000000) refers (Special) to rtexit2.o(.ARM.Collect$$rtexit$$00000004) for __rt_exit_exit
    rtexit.o(.ARM.Collect$$rtexit$$00000000) refers (Special) to rtexit2.o(.ARM.Collect$$rtexit$$00000003) for __rt_exit_ls
    rtexit.o(.ARM.Collect$$rtexit$$00000000) refers (Special) to rtexit2.o(.ARM.Collect$$rtexit$$00000002) for __rt_exit_prels_1
    rtexit.o(.ARM.exidx) refers (Special) to rtexit2.o(.ARM.Collect$$rtexit$$00000004) for __rt_exit_exit
    rtexit.o(.ARM.exidx) refers (Special) to rtexit2.o(.ARM.Collect$$rtexit$$00000003) for __rt_exit_ls
    rtexit.o(.ARM.exidx) refers (Special) to rtexit2.o(.ARM.Collect$$rtexit$$00000002) for __rt_exit_prels_1
    rtexit.o(.ARM.exidx) refers to rtexit.o(.ARM.Collect$$rtexit$$00000000) for .ARM.Collect$$rtexit$$00000000
    libinit2.o(.ARM.Collect$$libinit$$00000001) refers to fpinit.o(x$fpl$fpinit) for _fp_init
    libinit2.o(.ARM.Collect$$libinit$$00000010) refers to libinit2.o(.ARM.Collect$$libinit$$0000000F) for .ARM.Collect$$libinit$$0000000F
    libinit2.o(.ARM.Collect$$libinit$$00000012) refers to libinit2.o(.ARM.Collect$$libinit$$0000000F) for .ARM.Collect$$libinit$$0000000F
    libinit2.o(.ARM.Collect$$libinit$$00000014) refers to libinit2.o(.ARM.Collect$$libinit$$0000000F) for .ARM.Collect$$libinit$$0000000F
    libinit2.o(.ARM.Collect$$libinit$$00000016) refers to libinit2.o(.ARM.Collect$$libinit$$0000000F) for .ARM.Collect$$libinit$$0000000F
    libinit2.o(.ARM.Collect$$libinit$$00000018) refers to libinit2.o(.ARM.Collect$$libinit$$0000000F) for .ARM.Collect$$libinit$$0000000F
    libinit2.o(.ARM.Collect$$libinit$$00000026) refers to argv_veneer.o(.emb_text) for __ARM_argv_veneer
    libinit2.o(.ARM.Collect$$libinit$$00000027) refers to argv_veneer.o(.emb_text) for __ARM_argv_veneer
    rtexit2.o(.ARM.Collect$$rtexit$$00000003) refers to libshutdown.o(.ARM.Collect$$libshutdown$$00000000) for __rt_lib_shutdown
    rtexit2.o(.ARM.Collect$$rtexit$$00000004) refers to sys_exit.o(.text) for _sys_exit
    rtexit2.o(.ARM.exidx) refers to rtexit2.o(.ARM.Collect$$rtexit$$00000001) for .ARM.Collect$$rtexit$$00000001
    rtexit2.o(.ARM.exidx) refers to rtexit2.o(.ARM.Collect$$rtexit$$00000003) for .ARM.Collect$$rtexit$$00000003
    rtexit2.o(.ARM.exidx) refers to rtexit2.o(.ARM.Collect$$rtexit$$00000004) for .ARM.Collect$$rtexit$$00000004
    argv_veneer.o(.emb_text) refers to no_argv.o(.text) for __ARM_get_argv
    sys_exit.o(.text) refers (Special) to use_no_semi.o(.text) for __I$use$semihosting
    sys_exit.o(.text) refers (Special) to indicate_semi.o(.text) for __semihosting_library_function
    _get_argv_nomalloc.o(.text) refers (Special) to hrguard.o(.text) for __heap_region$guard
    _get_argv_nomalloc.o(.text) refers to defsig_rtmem_outer.o(.text) for __rt_SIGRTMEM
    _get_argv_nomalloc.o(.text) refers to sys_command.o(.text) for _sys_command_string
    libshutdown.o(.ARM.Collect$$libshutdown$$00000000) refers (Special) to libshutdown2.o(.ARM.Collect$$libshutdown$$00000002) for __rt_lib_shutdown_cpp_1
    libshutdown.o(.ARM.Collect$$libshutdown$$00000000) refers (Special) to libshutdown2.o(.ARM.Collect$$libshutdown$$00000007) for __rt_lib_shutdown_fp_trap_1
    libshutdown.o(.ARM.Collect$$libshutdown$$00000000) refers (Special) to libshutdown2.o(.ARM.Collect$$libshutdown$$0000000F) for __rt_lib_shutdown_heap_1
    libshutdown.o(.ARM.Collect$$libshutdown$$00000000) refers (Special) to libshutdown2.o(.ARM.Collect$$libshutdown$$00000010) for __rt_lib_shutdown_return
    libshutdown.o(.ARM.Collect$$libshutdown$$00000000) refers (Special) to libshutdown2.o(.ARM.Collect$$libshutdown$$0000000A) for __rt_lib_shutdown_signal_1
    libshutdown.o(.ARM.Collect$$libshutdown$$00000000) refers (Special) to libshutdown2.o(.ARM.Collect$$libshutdown$$00000004) for __rt_lib_shutdown_stdio_1
    libshutdown.o(.ARM.Collect$$libshutdown$$00000000) refers (Special) to libshutdown2.o(.ARM.Collect$$libshutdown$$0000000C) for __rt_lib_shutdown_user_alloc_1
    sys_command.o(.text) refers (Special) to use_no_semi.o(.text) for __I$use$semihosting
    sys_command.o(.text) refers (Special) to indicate_semi.o(.text) for __semihosting_library_function
    defsig_rtmem_outer.o(.text) refers to defsig_rtmem_inner.o(.text) for __rt_SIGRTMEM_inner
    defsig_rtmem_outer.o(.text) refers to defsig_exit.o(.text) for __sig_exit
    defsig_rtmem_formal.o(.text) refers to rt_raise.o(.text) for __rt_raise
    rt_raise.o(.text) refers to __raise.o(.text) for __raise
    rt_raise.o(.text) refers to sys_exit.o(.text) for _sys_exit
    defsig_exit.o(.text) refers to sys_exit.o(.text) for _sys_exit
    defsig_rtmem_inner.o(.text) refers to defsig_general.o(.text) for __default_signal_display
    __raise.o(.text) refers to defsig.o(CL$$defsig) for __default_signal_handler
    defsig_general.o(.text) refers to sys_wrch.o(.text) for _ttywrch
    sys_wrch.o(.text) refers (Special) to use_no_semi.o(.text) for __I$use$semihosting
    sys_wrch.o(.text) refers (Special) to indicate_semi.o(.text) for __semihosting_library_function
    defsig.o(CL$$defsig) refers to defsig_rtmem_inner.o(.text) for __rt_SIGRTMEM_inner
    defsig_abrt_inner.o(.text) refers to defsig_general.o(.text) for __default_signal_display
    defsig_fpe_inner.o(.text) refers to defsig_general.o(.text) for __default_signal_display
    defsig_rtred_inner.o(.text) refers to defsig_general.o(.text) for __default_signal_display
    defsig_stak_inner.o(.text) refers to defsig_general.o(.text) for __default_signal_display
    defsig_pvfn_inner.o(.text) refers to defsig_general.o(.text) for __default_signal_display
    defsig_cppl_inner.o(.text) refers to defsig_general.o(.text) for __default_signal_display
    defsig_segv_inner.o(.text) refers to defsig_general.o(.text) for __default_signal_display
    defsig_other.o(.text) refers to defsig_general.o(.text) for __default_signal_display


==============================================================================

Removing Unused input sections from the image.

    Removing main.o(.rev16_text), (4 bytes).
    Removing main.o(.revsh_text), (4 bytes).
    Removing main.o(.rrx_text), (6 bytes).
    Removing lcd.o(.rev16_text), (4 bytes).
    Removing lcd.o(.revsh_text), (4 bytes).
    Removing lcd.o(.rrx_text), (6 bytes).
    Removing shapes.o(.rev16_text), (4 bytes).
    Removing shapes.o(.revsh_text), (4 bytes).
    Removing shapes.o(.rrx_text), (6 bytes).
    Removing battleship.o(.rev16_text), (4 bytes).
    Removing battleship.o(.revsh_text), (4 bytes).
    Removing battleship.o(.rrx_text), (6 bytes).
    Removing battleship.o(.text), (880 bytes).
    Removing battleship.o(.bss), (168 bytes).
    Removing battleship.o(.data), (12 bytes).
    Removing system_tm4c123.o(.rev16_text), (4 bytes).
    Removing system_tm4c123.o(.revsh_text), (4 bytes).
    Removing system_tm4c123.o(.rrx_text), (6 bytes).

18 unused section(s) (total 1130 bytes) removed from the image.

==============================================================================

Image Symbol Table

    Local Symbols

    Symbol Name                              Value     Ov Type        Size  Object(Section)

    RESET                                    0x00000000   Section      620  startup_tm4c123.o(RESET)
    ../clib/angel/boardlib.s                 0x00000000   Number         0  boardshut.o ABSOLUTE
    ../clib/angel/boardlib.s                 0x00000000   Number         0  boardinit3.o ABSOLUTE
    ../clib/angel/boardlib.s                 0x00000000   Number         0  boardinit2.o ABSOLUTE
    ../clib/angel/boardlib.s                 0x00000000   Number         0  boardinit1.o ABSOLUTE
    ../clib/angel/handlers.s                 0x00000000   Number         0  __scatter_zi.o ABSOLUTE
    ../clib/angel/handlers.s                 0x00000000   Number         0  __scatter_copy.o ABSOLUTE
    ../clib/angel/kernel.s                   0x00000000   Number         0  __rtentry4.o ABSOLUTE
    ../clib/angel/kernel.s                   0x00000000   Number         0  rtexit2.o ABSOLUTE
    ../clib/angel/kernel.s                   0x00000000   Number         0  __rtentry.o ABSOLUTE
    ../clib/angel/kernel.s                   0x00000000   Number         0  rtexit.o ABSOLUTE
    ../clib/angel/kernel.s                   0x00000000   Number         0  __rtentry2.o ABSOLUTE
    ../clib/angel/rt.s                       0x00000000   Number         0  rt_raise.o ABSOLUTE
    ../clib/angel/scatter.s                  0x00000000   Number         0  __scatter.o ABSOLUTE
    ../clib/angel/startup.s                  0x00000000   Number         0  __main.o ABSOLUTE
    ../clib/angel/sys.s                      0x00000000   Number         0  libspace.o ABSOLUTE
    ../clib/angel/sys.s                      0x00000000   Number         0  use_no_semi.o ABSOLUTE
    ../clib/angel/sys.s                      0x00000000   Number         0  sys_stackheap_outer.o ABSOLUTE
    ../clib/angel/sys.s                      0x00000000   Number         0  indicate_semi.o ABSOLUTE
    ../clib/angel/sysapp.c                   0x00000000   Number         0  sys_wrch.o ABSOLUTE
    ../clib/angel/sysapp.c                   0x00000000   Number         0  sys_command.o ABSOLUTE
    ../clib/angel/sysapp.c                   0x00000000   Number         0  sys_exit.o ABSOLUTE
    ../clib/armsys.c                         0x00000000   Number         0  no_argv.o ABSOLUTE
    ../clib/armsys.c                         0x00000000   Number         0  _get_argv_nomalloc.o ABSOLUTE
    ../clib/armsys.c                         0x00000000   Number         0  argv_veneer.o ABSOLUTE
    ../clib/armsys.c                         0x00000000   Number         0  argv_veneer.o ABSOLUTE
    ../clib/heapalloc.c                      0x00000000   Number         0  hrguard.o ABSOLUTE
    ../clib/heapaux.c                        0x00000000   Number         0  heapauxi.o ABSOLUTE
    ../clib/libinit.s                        0x00000000   Number         0  libshutdown2.o ABSOLUTE
    ../clib/libinit.s                        0x00000000   Number         0  libshutdown.o ABSOLUTE
    ../clib/libinit.s                        0x00000000   Number         0  libinit2.o ABSOLUTE
    ../clib/libinit.s                        0x00000000   Number         0  libinit.o ABSOLUTE
    ../clib/memcpset.s                       0x00000000   Number         0  rt_memcpy_w.o ABSOLUTE
    ../clib/signal.c                         0x00000000   Number         0  defsig_rtmem_inner.o ABSOLUTE
    ../clib/signal.c                         0x00000000   Number         0  defsig_exit.o ABSOLUTE
    ../clib/signal.c                         0x00000000   Number         0  defsig_rtmem_formal.o ABSOLUTE
    ../clib/signal.c                         0x00000000   Number         0  defsig_rtmem_outer.o ABSOLUTE
    ../clib/signal.c                         0x00000000   Number         0  defsig_general.o ABSOLUTE
    ../clib/signal.c                         0x00000000   Number         0  defsig_other.o ABSOLUTE
    ../clib/signal.c                         0x00000000   Number         0  defsig_segv_inner.o ABSOLUTE
    ../clib/signal.c                         0x00000000   Number         0  defsig_cppl_inner.o ABSOLUTE
    ../clib/signal.c                         0x00000000   Number         0  defsig_pvfn_inner.o ABSOLUTE
    ../clib/signal.c                         0x00000000   Number         0  defsig_stak_inner.o ABSOLUTE
    ../clib/signal.c                         0x00000000   Number         0  defsig_rtred_inner.o ABSOLUTE
    ../clib/signal.c                         0x00000000   Number         0  defsig_fpe_inner.o ABSOLUTE
    ../clib/signal.c                         0x00000000   Number         0  defsig_abrt_inner.o ABSOLUTE
    ../clib/signal.c                         0x00000000   Number         0  __raise.o ABSOLUTE
    ../clib/signal.s                         0x00000000   Number         0  defsig.o ABSOLUTE
    ../clib/stdlib.c                         0x00000000   Number         0  exit.o ABSOLUTE
    ../fplib/fpinit.s                        0x00000000   Number         0  fpinit.o ABSOLUTE
    Battleship.c                             0x00000000   Number         0  battleship.o ABSOLUTE
    Battleship.c                             0x00000000   Number         0  battleship.o ABSOLUTE
    RTE\Device\TM4C123GH6PM\startup_TM4C123.s 0x00000000   Number         0  startup_tm4c123.o ABSOLUTE
    RTE\Device\TM4C123GH6PM\system_TM4C123.c 0x00000000   Number         0  system_tm4c123.o ABSOLUTE
    RTE\\Device\\TM4C123GH6PM\\system_TM4C123.c 0x00000000   Number         0  system_tm4c123.o ABSOLUTE
    Shapes.c                                 0x00000000   Number         0  shapes.o ABSOLUTE
    Shapes.c                                 0x00000000   Number         0  shapes.o ABSOLUTE
    dc.s                                     0x00000000   Number         0  dc.o ABSOLUTE
    lcd.c                                    0x00000000   Number         0  lcd.o ABSOLUTE
    lcd.c                                    0x00000000   Number         0  lcd.o ABSOLUTE
    main.c                                   0x00000000   Number         0  main.o ABSOLUTE
    main.c                                   0x00000000   Number         0  main.o ABSOLUTE
    !!!main                                  0x0000026c   Section        8  __main.o(!!!main)
    !!!scatter                               0x00000274   Section       52  __scatter.o(!!!scatter)
    !!handler_copy                           0x000002a8   Section       26  __scatter_copy.o(!!handler_copy)
    !!handler_zi                             0x000002c4   Section       28  __scatter_zi.o(!!handler_zi)
    .ARM.Collect$$libinit$$00000000          0x000002e0   Section        2  libinit.o(.ARM.Collect$$libinit$$00000000)
    .ARM.Collect$$libinit$$00000001          0x000002e2   Section        4  libinit2.o(.ARM.Collect$$libinit$$00000001)
    .ARM.Collect$$libinit$$00000004          0x000002e6   Section        0  libinit2.o(.ARM.Collect$$libinit$$00000004)
    .ARM.Collect$$libinit$$0000000A          0x000002e6   Section        0  libinit2.o(.ARM.Collect$$libinit$$0000000A)
    .ARM.Collect$$libinit$$0000000C          0x000002e6   Section        0  libinit2.o(.ARM.Collect$$libinit$$0000000C)
    .ARM.Collect$$libinit$$0000000E          0x000002e6   Section        0  libinit2.o(.ARM.Collect$$libinit$$0000000E)
    .ARM.Collect$$libinit$$00000011          0x000002e6   Section        0  libinit2.o(.ARM.Collect$$libinit$$00000011)
    .ARM.Collect$$libinit$$00000013          0x000002e6   Section        0  libinit2.o(.ARM.Collect$$libinit$$00000013)
    .ARM.Collect$$libinit$$00000015          0x000002e6   Section        0  libinit2.o(.ARM.Collect$$libinit$$00000015)
    .ARM.Collect$$libinit$$00000017          0x000002e6   Section        0  libinit2.o(.ARM.Collect$$libinit$$00000017)
    .ARM.Collect$$libinit$$00000019          0x000002e6   Section        0  libinit2.o(.ARM.Collect$$libinit$$00000019)
    .ARM.Collect$$libinit$$0000001B          0x000002e6   Section        0  libinit2.o(.ARM.Collect$$libinit$$0000001B)
    .ARM.Collect$$libinit$$0000001D          0x000002e6   Section        0  libinit2.o(.ARM.Collect$$libinit$$0000001D)
    .ARM.Collect$$libinit$$0000001F          0x000002e6   Section        0  libinit2.o(.ARM.Collect$$libinit$$0000001F)
    .ARM.Collect$$libinit$$00000021          0x000002e6   Section        0  libinit2.o(.ARM.Collect$$libinit$$00000021)
    .ARM.Collect$$libinit$$00000023          0x000002e6   Section        0  libinit2.o(.ARM.Collect$$libinit$$00000023)
    .ARM.Collect$$libinit$$00000025          0x000002e6   Section        0  libinit2.o(.ARM.Collect$$libinit$$00000025)
    .ARM.Collect$$libinit$$0000002C          0x000002e6   Section        0  libinit2.o(.ARM.Collect$$libinit$$0000002C)
    .ARM.Collect$$libinit$$0000002E          0x000002e6   Section        0  libinit2.o(.ARM.Collect$$libinit$$0000002E)
    .ARM.Collect$$libinit$$00000030          0x000002e6   Section        0  libinit2.o(.ARM.Collect$$libinit$$00000030)
    .ARM.Collect$$libinit$$00000032          0x000002e6   Section        0  libinit2.o(.ARM.Collect$$libinit$$00000032)
    .ARM.Collect$$libinit$$00000033          0x000002e6   Section        2  libinit2.o(.ARM.Collect$$libinit$$00000033)
    .ARM.Collect$$libshutdown$$00000000      0x000002e8   Section        2  libshutdown.o(.ARM.Collect$$libshutdown$$00000000)
    .ARM.Collect$$libshutdown$$00000002      0x000002ea   Section        0  libshutdown2.o(.ARM.Collect$$libshutdown$$00000002)
    .ARM.Collect$$libshutdown$$00000004      0x000002ea   Section        0  libshutdown2.o(.ARM.Collect$$libshutdown$$00000004)
    .ARM.Collect$$libshutdown$$00000007      0x000002ea   Section        0  libshutdown2.o(.ARM.Collect$$libshutdown$$00000007)
    .ARM.Collect$$libshutdown$$0000000A      0x000002ea   Section        0  libshutdown2.o(.ARM.Collect$$libshutdown$$0000000A)
    .ARM.Collect$$libshutdown$$0000000C      0x000002ea   Section        0  libshutdown2.o(.ARM.Collect$$libshutdown$$0000000C)
    .ARM.Collect$$libshutdown$$0000000F      0x000002ea   Section        0  libshutdown2.o(.ARM.Collect$$libshutdown$$0000000F)
    .ARM.Collect$$libshutdown$$00000010      0x000002ea   Section        2  libshutdown2.o(.ARM.Collect$$libshutdown$$00000010)
    .ARM.Collect$$rtentry$$00000000          0x000002ec   Section        0  __rtentry.o(.ARM.Collect$$rtentry$$00000000)
    .ARM.Collect$$rtentry$$00000002          0x000002ec   Section        0  __rtentry2.o(.ARM.Collect$$rtentry$$00000002)
    .ARM.Collect$$rtentry$$00000004          0x000002ec   Section        6  __rtentry4.o(.ARM.Collect$$rtentry$$00000004)
    .ARM.Collect$$rtentry$$00000009          0x000002f2   Section        0  __rtentry2.o(.ARM.Collect$$rtentry$$00000009)
    .ARM.Collect$$rtentry$$0000000A          0x000002f2   Section        4  __rtentry2.o(.ARM.Collect$$rtentry$$0000000A)
    .ARM.Collect$$rtentry$$0000000C          0x000002f6   Section        0  __rtentry2.o(.ARM.Collect$$rtentry$$0000000C)
    .ARM.Collect$$rtentry$$0000000D          0x000002f6   Section        8  __rtentry2.o(.ARM.Collect$$rtentry$$0000000D)
    .ARM.Collect$$rtexit$$00000000           0x000002fe   Section        2  rtexit.o(.ARM.Collect$$rtexit$$00000000)
    .ARM.Collect$$rtexit$$00000002           0x00000300   Section        0  rtexit2.o(.ARM.Collect$$rtexit$$00000002)
    .ARM.Collect$$rtexit$$00000003           0x00000300   Section        4  rtexit2.o(.ARM.Collect$$rtexit$$00000003)
    .ARM.Collect$$rtexit$$00000004           0x00000304   Section        6  rtexit2.o(.ARM.Collect$$rtexit$$00000004)
    .text                                    0x0000030c   Section        0  main.o(.text)
    .text                                    0x000007c8   Section        0  lcd.o(.text)
    .text                                    0x00000f00   Section        0  shapes.o(.text)
    .text                                    0x00000fe0   Section      276  startup_tm4c123.o(.text)
    $v0                                      0x00000fe0   Number         0  startup_tm4c123.o(.text)
    .text                                    0x000010f4   Section        0  system_tm4c123.o(.text)
    getOscClk                                0x000010f5   Thumb Code   182  system_tm4c123.o(.text)
    .text                                    0x000012c0   Section      100  rt_memcpy_w.o(.text)
    .text                                    0x00001324   Section        0  heapauxi.o(.text)
    .text                                    0x0000132a   Section       74  sys_stackheap_outer.o(.text)
    .text                                    0x00001374   Section        0  exit.o(.text)
    .text                                    0x00001388   Section        8  libspace.o(.text)
    .text                                    0x00001390   Section        0  sys_exit.o(.text)
    .text                                    0x0000139c   Section        2  use_no_semi.o(.text)
    .text                                    0x0000139e   Section        0  indicate_semi.o(.text)
    x$fpl$fpinit                             0x0000139e   Section       10  fpinit.o(x$fpl$fpinit)
    $v0                                      0x0000139e   Number         0  fpinit.o(x$fpl$fpinit)
    .data                                    0x20000000   Section       36  main.o(.data)
    .data                                    0x20000024   Section        4  system_tm4c123.o(.data)
    .bss                                     0x20000028   Section      460  main.o(.bss)
    .bss                                     0x200001f4   Section       96  libspace.o(.bss)
    HEAP                                     0x20000258   Section        0  startup_tm4c123.o(HEAP)
    STACK                                    0x20000258   Section      512  startup_tm4c123.o(STACK)
    Heap_Mem                                 0x20000258   Data           0  startup_tm4c123.o(HEAP)
    Stack_Mem                                0x20000258   Data         512  startup_tm4c123.o(STACK)
    __initial_sp                             0x20000458   Data           0  startup_tm4c123.o(STACK)

    Global Symbols

    Symbol Name                              Value     Ov Type        Size  Object(Section)

    BuildAttributes$$THM_ISAv4$E$P$D$K$B$S$7EM$VFPi3$EXTD16$VFPS$VFMA$PE$A:L22UL41UL21$X:L11$S22US41US21$IEEE1$IW$USESV6$~STKCKD$USESV7$~SHL$OSPACE$ROPI$EBA8$UX$STANDARDLIB$REQ8$PRES8$EABIv2 0x00000000   Number         0  anon$$obj.o ABSOLUTE
    __ARM_use_no_argv                        0x00000000   Number         0  main.o ABSOLUTE
    __Vectors                                0x00000000   Data           4  startup_tm4c123.o(RESET)
    __ARM_exceptions_init                     - Undefined Weak Reference
    __alloca_initialize                       - Undefined Weak Reference
    __arm_preinit_                            - Undefined Weak Reference
    __cpp_initialize__aeabi_                  - Undefined Weak Reference
    __cxa_finalize                            - Undefined Weak Reference
    __rt_locale                               - Undefined Weak Reference
    __sigvec_lookup                           - Undefined Weak Reference
    _atexit_init                              - Undefined Weak Reference
    _call_atexit_fns                          - Undefined Weak Reference
    _clock_init                               - Undefined Weak Reference
    _fp_trap_init                             - Undefined Weak Reference
    _fp_trap_shutdown                         - Undefined Weak Reference
    _get_lc_collate                           - Undefined Weak Reference
    _get_lc_ctype                             - Undefined Weak Reference
    _get_lc_monetary                          - Undefined Weak Reference
    _get_lc_numeric                           - Undefined Weak Reference
    _get_lc_time                              - Undefined Weak Reference
    _getenv_init                              - Undefined Weak Reference
    _handle_redirection                       - Undefined Weak Reference
    _init_alloc                               - Undefined Weak Reference
    _init_user_alloc                          - Undefined Weak Reference
    _initio                                   - Undefined Weak Reference
    _rand_init                                - Undefined Weak Reference
    _signal_finish                            - Undefined Weak Reference
    _signal_init                              - Undefined Weak Reference
    _terminate_alloc                          - Undefined Weak Reference
    _terminate_user_alloc                     - Undefined Weak Reference
    _terminateio                              - Undefined Weak Reference
    __Vectors_End                            0x0000026c   Data           0  startup_tm4c123.o(RESET)
    __Vectors_Size                           0x0000026c   Number         0  startup_tm4c123.o ABSOLUTE
    __main                                   0x0000026d   Thumb Code     8  __main.o(!!!main)
    __scatterload                            0x00000275   Thumb Code     0  __scatter.o(!!!scatter)
    __scatterload_rt2                        0x00000275   Thumb Code    44  __scatter.o(!!!scatter)
    __scatterload_rt2_thumb_only             0x00000275   Thumb Code     0  __scatter.o(!!!scatter)
    __scatterload_null                       0x00000283   Thumb Code     0  __scatter.o(!!!scatter)
    __scatterload_copy                       0x000002a9   Thumb Code    26  __scatter_copy.o(!!handler_copy)
    __scatterload_zeroinit                   0x000002c5   Thumb Code    28  __scatter_zi.o(!!handler_zi)
    __rt_lib_init                            0x000002e1   Thumb Code     0  libinit.o(.ARM.Collect$$libinit$$00000000)
    __rt_lib_init_fp_1                       0x000002e3   Thumb Code     0  libinit2.o(.ARM.Collect$$libinit$$00000001)
    __rt_lib_init_alloca_1                   0x000002e7   Thumb Code     0  libinit2.o(.ARM.Collect$$libinit$$0000002E)
    __rt_lib_init_argv_1                     0x000002e7   Thumb Code     0  libinit2.o(.ARM.Collect$$libinit$$0000002C)
    __rt_lib_init_atexit_1                   0x000002e7   Thumb Code     0  libinit2.o(.ARM.Collect$$libinit$$0000001B)
    __rt_lib_init_clock_1                    0x000002e7   Thumb Code     0  libinit2.o(.ARM.Collect$$libinit$$00000021)
    __rt_lib_init_cpp_1                      0x000002e7   Thumb Code     0  libinit2.o(.ARM.Collect$$libinit$$00000032)
    __rt_lib_init_exceptions_1               0x000002e7   Thumb Code     0  libinit2.o(.ARM.Collect$$libinit$$00000030)
    __rt_lib_init_fp_trap_1                  0x000002e7   Thumb Code     0  libinit2.o(.ARM.Collect$$libinit$$0000001F)
    __rt_lib_init_getenv_1                   0x000002e7   Thumb Code     0  libinit2.o(.ARM.Collect$$libinit$$00000023)
    __rt_lib_init_heap_1                     0x000002e7   Thumb Code     0  libinit2.o(.ARM.Collect$$libinit$$0000000A)
    __rt_lib_init_lc_collate_1               0x000002e7   Thumb Code     0  libinit2.o(.ARM.Collect$$libinit$$00000011)
    __rt_lib_init_lc_ctype_1                 0x000002e7   Thumb Code     0  libinit2.o(.ARM.Collect$$libinit$$00000013)
    __rt_lib_init_lc_monetary_1              0x000002e7   Thumb Code     0  libinit2.o(.ARM.Collect$$libinit$$00000015)
    __rt_lib_init_lc_numeric_1               0x000002e7   Thumb Code     0  libinit2.o(.ARM.Collect$$libinit$$00000017)
    __rt_lib_init_lc_time_1                  0x000002e7   Thumb Code     0  libinit2.o(.ARM.Collect$$libinit$$00000019)
    __rt_lib_init_preinit_1                  0x000002e7   Thumb Code     0  libinit2.o(.ARM.Collect$$libinit$$00000004)
    __rt_lib_init_rand_1                     0x000002e7   Thumb Code     0  libinit2.o(.ARM.Collect$$libinit$$0000000E)
    __rt_lib_init_return                     0x000002e7   Thumb Code     0  libinit2.o(.ARM.Collect$$libinit$$00000033)
    __rt_lib_init_signal_1                   0x000002e7   Thumb Code     0  libinit2.o(.ARM.Collect$$libinit$$0000001D)
    __rt_lib_init_stdio_1                    0x000002e7   Thumb Code     0  libinit2.o(.ARM.Collect$$libinit$$00000025)
    __rt_lib_init_user_alloc_1               0x000002e7   Thumb Code     0  libinit2.o(.ARM.Collect$$libinit$$0000000C)
    __rt_lib_shutdown                        0x000002e9   Thumb Code     0  libshutdown.o(.ARM.Collect$$libshutdown$$00000000)
    __rt_lib_shutdown_cpp_1                  0x000002eb   Thumb Code     0  libshutdown2.o(.ARM.Collect$$libshutdown$$00000002)
    __rt_lib_shutdown_fp_trap_1              0x000002eb   Thumb Code     0  libshutdown2.o(.ARM.Collect$$libshutdown$$00000007)
    __rt_lib_shutdown_heap_1                 0x000002eb   Thumb Code     0  libshutdown2.o(.ARM.Collect$$libshutdown$$0000000F)
    __rt_lib_shutdown_return                 0x000002eb   Thumb Code     0  libshutdown2.o(.ARM.Collect$$libshutdown$$00000010)
    __rt_lib_shutdown_signal_1               0x000002eb   Thumb Code     0  libshutdown2.o(.ARM.Collect$$libshutdown$$0000000A)
    __rt_lib_shutdown_stdio_1                0x000002eb   Thumb Code     0  libshutdown2.o(.ARM.Collect$$libshutdown$$00000004)
    __rt_lib_shutdown_user_alloc_1           0x000002eb   Thumb Code     0  libshutdown2.o(.ARM.Collect$$libshutdown$$0000000C)
    __rt_entry                               0x000002ed   Thumb Code     0  __rtentry.o(.ARM.Collect$$rtentry$$00000000)
    __rt_entry_presh_1                       0x000002ed   Thumb Code     0  __rtentry2.o(.ARM.Collect$$rtentry$$00000002)
    __rt_entry_sh                            0x000002ed   Thumb Code     0  __rtentry4.o(.ARM.Collect$$rtentry$$00000004)
    __rt_entry_li                            0x000002f3   Thumb Code     0  __rtentry2.o(.ARM.Collect$$rtentry$$0000000A)
    __rt_entry_postsh_1                      0x000002f3   Thumb Code     0  __rtentry2.o(.ARM.Collect$$rtentry$$00000009)
    __rt_entry_main                          0x000002f7   Thumb Code     0  __rtentry2.o(.ARM.Collect$$rtentry$$0000000D)
    __rt_entry_postli_1                      0x000002f7   Thumb Code     0  __rtentry2.o(.ARM.Collect$$rtentry$$0000000C)
    __rt_exit                                0x000002ff   Thumb Code     0  rtexit.o(.ARM.Collect$$rtexit$$00000000)
    __rt_exit_ls                             0x00000301   Thumb Code     0  rtexit2.o(.ARM.Collect$$rtexit$$00000003)
    __rt_exit_prels_1                        0x00000301   Thumb Code     0  rtexit2.o(.ARM.Collect$$rtexit$$00000002)
    __rt_exit_exit                           0x00000305   Thumb Code     0  rtexit2.o(.ARM.Collect$$rtexit$$00000004)
    initBtn                                  0x0000030d   Thumb Code   150  main.o(.text)
    initPorts                                0x000003a3   Thumb Code   150  main.o(.text)
    GPIOB_Handler                            0x00000439   Thumb Code   486  main.o(.text)
    initSSI                                  0x0000061f   Thumb Code    44  main.o(.text)
    toggleBtn                                0x0000064b   Thumb Code    94  main.o(.text)
    computeTouch                             0x000006a9   Thumb Code   184  main.o(.text)
    run                                      0x00000761   Thumb Code    20  main.o(.text)
    main                                     0x00000775   Thumb Code    54  main.o(.text)
    waitBusy                                 0x000007c9   Thumb Code    16  lcd.o(.text)
    write_cmd                                0x000007d9   Thumb Code    72  lcd.o(.text)
    write_dat                                0x00000821   Thumb Code    72  lcd.o(.text)
    lcd_init                                 0x00000869   Thumb Code  1362  lcd.o(.text)
    write_dat2                               0x00000dbb   Thumb Code    24  lcd.o(.text)
    get_touch_x                              0x00000dd3   Thumb Code   144  lcd.o(.text)
    get_touch_y                              0x00000e63   Thumb Code   144  lcd.o(.text)
    BtnData_new                              0x00000f01   Thumb Code    18  shapes.o(.text)
    LCD_SetPage                              0x00000f13   Thumb Code    34  shapes.o(.text)
    LCD_setColumn                            0x00000f35   Thumb Code    34  shapes.o(.text)
    draw_rectangle                           0x00000f57   Thumb Code    88  shapes.o(.text)
    clear_lcd                                0x00000faf   Thumb Code    48  shapes.o(.text)
    Reset_Handler                            0x00000fe1   Thumb Code     8  startup_tm4c123.o(.text)
    NMI_Handler                              0x00000fe9   Thumb Code     2  startup_tm4c123.o(.text)
    HardFault_Handler                        0x00000feb   Thumb Code     2  startup_tm4c123.o(.text)
    MemManage_Handler                        0x00000fed   Thumb Code     2  startup_tm4c123.o(.text)
    BusFault_Handler                         0x00000fef   Thumb Code     2  startup_tm4c123.o(.text)
    UsageFault_Handler                       0x00000ff1   Thumb Code     2  startup_tm4c123.o(.text)
    SVC_Handler                              0x00000ff3   Thumb Code     2  startup_tm4c123.o(.text)
    DebugMon_Handler                         0x00000ff5   Thumb Code     2  startup_tm4c123.o(.text)
    PendSV_Handler                           0x00000ff7   Thumb Code     2  startup_tm4c123.o(.text)
    SysTick_Handler                          0x00000ff9   Thumb Code     2  startup_tm4c123.o(.text)
    GPIOA_Handler                            0x00000ffb   Thumb Code     2  startup_tm4c123.o(.text)
    GPIOC_Handler                            0x00000fff   Thumb Code     2  startup_tm4c123.o(.text)
    GPIOD_Handler                            0x00001001   Thumb Code     2  startup_tm4c123.o(.text)
    GPIOE_Handler                            0x00001003   Thumb Code     2  startup_tm4c123.o(.text)
    UART0_Handler                            0x00001005   Thumb Code     2  startup_tm4c123.o(.text)
    UART1_Handler                            0x00001007   Thumb Code     2  startup_tm4c123.o(.text)
    SSI0_Handler                             0x00001009   Thumb Code     2  startup_tm4c123.o(.text)
    I2C0_Handler                             0x0000100b   Thumb Code     2  startup_tm4c123.o(.text)
    PMW0_FAULT_Handler                       0x0000100d   Thumb Code     2  startup_tm4c123.o(.text)
    PWM0_0_Handler                           0x0000100f   Thumb Code     2  startup_tm4c123.o(.text)
    PWM0_1_Handler                           0x00001011   Thumb Code     2  startup_tm4c123.o(.text)
    PWM0_2_Handler                           0x00001013   Thumb Code     2  startup_tm4c123.o(.text)
    QEI0_Handler                             0x00001015   Thumb Code     2  startup_tm4c123.o(.text)
    ADC0SS0_Handler                          0x00001017   Thumb Code     2  startup_tm4c123.o(.text)
    ADC0SS1_Handler                          0x00001019   Thumb Code     2  startup_tm4c123.o(.text)
    ADC0SS2_Handler                          0x0000101b   Thumb Code     2  startup_tm4c123.o(.text)
    ADC0SS3_Handler                          0x0000101d   Thumb Code     2  startup_tm4c123.o(.text)
    WDT0_Handler                             0x0000101f   Thumb Code     2  startup_tm4c123.o(.text)
    TIMER0A_Handler                          0x00001021   Thumb Code     2  startup_tm4c123.o(.text)
    TIMER0B_Handler                          0x00001023   Thumb Code     2  startup_tm4c123.o(.text)
    TIMER1A_Handler                          0x00001025   Thumb Code     2  startup_tm4c123.o(.text)
    TIMER1B_Handler                          0x00001027   Thumb Code     2  startup_tm4c123.o(.text)
    TIMER2A_Handler                          0x00001029   Thumb Code     2  startup_tm4c123.o(.text)
    TIMER2B_Handler                          0x0000102b   Thumb Code     2  startup_tm4c123.o(.text)
    COMP0_Handler                            0x0000102d   Thumb Code     2  startup_tm4c123.o(.text)
    COMP1_Handler                            0x0000102f   Thumb Code     2  startup_tm4c123.o(.text)
    COMP2_Handler                            0x00001031   Thumb Code     2  startup_tm4c123.o(.text)
    SYSCTL_Handler                           0x00001033   Thumb Code     2  startup_tm4c123.o(.text)
    FLASH_Handler                            0x00001035   Thumb Code     2  startup_tm4c123.o(.text)
    GPIOF_Handler                            0x00001037   Thumb Code     2  startup_tm4c123.o(.text)
    GPIOG_Handler                            0x00001039   Thumb Code     2  startup_tm4c123.o(.text)
    GPIOH_Handler                            0x0000103b   Thumb Code     2  startup_tm4c123.o(.text)
    UART2_Handler                            0x0000103d   Thumb Code     2  startup_tm4c123.o(.text)
    SSI1_Handler                             0x0000103f   Thumb Code     2  startup_tm4c123.o(.text)
    TIMER3A_Handler                          0x00001041   Thumb Code     2  startup_tm4c123.o(.text)
    TIMER3B_Handler                          0x00001043   Thumb Code     2  startup_tm4c123.o(.text)
    I2C1_Handler                             0x00001045   Thumb Code     2  startup_tm4c123.o(.text)
    QEI1_Handler                             0x00001047   Thumb Code     2  startup_tm4c123.o(.text)
    CAN0_Handler                             0x00001049   Thumb Code     2  startup_tm4c123.o(.text)
    CAN1_Handler                             0x0000104b   Thumb Code     2  startup_tm4c123.o(.text)
    CAN2_Handler                             0x0000104d   Thumb Code     2  startup_tm4c123.o(.text)
    HIB_Handler                              0x0000104f   Thumb Code     2  startup_tm4c123.o(.text)
    USB0_Handler                             0x00001051   Thumb Code     2  startup_tm4c123.o(.text)
    PWM0_3_Handler                           0x00001053   Thumb Code     2  startup_tm4c123.o(.text)
    UDMA_Handler                             0x00001055   Thumb Code     2  startup_tm4c123.o(.text)
    UDMAERR_Handler                          0x00001057   Thumb Code     2  startup_tm4c123.o(.text)
    ADC1SS0_Handler                          0x00001059   Thumb Code     2  startup_tm4c123.o(.text)
    ADC1SS1_Handler                          0x0000105b   Thumb Code     2  startup_tm4c123.o(.text)
    ADC1SS2_Handler                          0x0000105d   Thumb Code     2  startup_tm4c123.o(.text)
    ADC1SS3_Handler                          0x0000105f   Thumb Code     2  startup_tm4c123.o(.text)
    GPIOJ_Handler                            0x00001061   Thumb Code     2  startup_tm4c123.o(.text)
    GPIOK_Handler                            0x00001063   Thumb Code     2  startup_tm4c123.o(.text)
    GPIOL_Handler                            0x00001065   Thumb Code     2  startup_tm4c123.o(.text)
    SSI2_Handler                             0x00001067   Thumb Code     2  startup_tm4c123.o(.text)
    SSI3_Handler                             0x00001069   Thumb Code     2  startup_tm4c123.o(.text)
    UART3_Handler                            0x0000106b   Thumb Code     2  startup_tm4c123.o(.text)
    UART4_Handler                            0x0000106d   Thumb Code     2  startup_tm4c123.o(.text)
    UART5_Handler                            0x0000106f   Thumb Code     2  startup_tm4c123.o(.text)
    UART6_Handler                            0x00001071   Thumb Code     2  startup_tm4c123.o(.text)
    UART7_Handler                            0x00001073   Thumb Code     2  startup_tm4c123.o(.text)
    I2C2_Handler                             0x00001075   Thumb Code     2  startup_tm4c123.o(.text)
    I2C3_Handler                             0x00001077   Thumb Code     2  startup_tm4c123.o(.text)
    TIMER4A_Handler                          0x00001079   Thumb Code     2  startup_tm4c123.o(.text)
    TIMER4B_Handler                          0x0000107b   Thumb Code     2  startup_tm4c123.o(.text)
    TIMER5A_Handler                          0x0000107d   Thumb Code     2  startup_tm4c123.o(.text)
    TIMER5B_Handler                          0x0000107f   Thumb Code     2  startup_tm4c123.o(.text)
    WTIMER0A_Handler                         0x00001081   Thumb Code     2  startup_tm4c123.o(.text)
    WTIMER0B_Handler                         0x00001083   Thumb Code     2  startup_tm4c123.o(.text)
    WTIMER1A_Handler                         0x00001085   Thumb Code     2  startup_tm4c123.o(.text)
    WTIMER1B_Handler                         0x00001087   Thumb Code     2  startup_tm4c123.o(.text)
    WTIMER2A_Handler                         0x00001089   Thumb Code     2  startup_tm4c123.o(.text)
    WTIMER2B_Handler                         0x0000108b   Thumb Code     2  startup_tm4c123.o(.text)
    WTIMER3A_Handler                         0x0000108d   Thumb Code     2  startup_tm4c123.o(.text)
    WTIMER3B_Handler                         0x0000108f   Thumb Code     2  startup_tm4c123.o(.text)
    WTIMER4A_Handler                         0x00001091   Thumb Code     2  startup_tm4c123.o(.text)
    WTIMER4B_Handler                         0x00001093   Thumb Code     2  startup_tm4c123.o(.text)
    WTIMER5A_Handler                         0x00001095   Thumb Code     2  startup_tm4c123.o(.text)
    WTIMER5B_Handler                         0x00001097   Thumb Code     2  startup_tm4c123.o(.text)
    FPU_Handler                              0x00001099   Thumb Code     2  startup_tm4c123.o(.text)
    I2C4_Handler                             0x0000109b   Thumb Code     2  startup_tm4c123.o(.text)
    I2C5_Handler                             0x0000109d   Thumb Code     2  startup_tm4c123.o(.text)
    GPIOM_Handler                            0x0000109f   Thumb Code     2  startup_tm4c123.o(.text)
    GPION_Handler                            0x000010a1   Thumb Code     2  startup_tm4c123.o(.text)
    QEI2_Handler                             0x000010a3   Thumb Code     2  startup_tm4c123.o(.text)
    GPIOP0_Handler                           0x000010a5   Thumb Code     2  startup_tm4c123.o(.text)
    GPIOP1_Handler                           0x000010a7   Thumb Code     2  startup_tm4c123.o(.text)
    GPIOP2_Handler                           0x000010a9   Thumb Code     2  startup_tm4c123.o(.text)
    GPIOP3_Handler                           0x000010ab   Thumb Code     2  startup_tm4c123.o(.text)
    GPIOP4_Handler                           0x000010ad   Thumb Code     2  startup_tm4c123.o(.text)
    GPIOP5_Handler                           0x000010af   Thumb Code     2  startup_tm4c123.o(.text)
    GPIOP6_Handler                           0x000010b1   Thumb Code     2  startup_tm4c123.o(.text)
    GPIOP7_Handler                           0x000010b3   Thumb Code     2  startup_tm4c123.o(.text)
    GPIOQ0_Handler                           0x000010b5   Thumb Code     2  startup_tm4c123.o(.text)
    GPIOQ1_Handler                           0x000010b7   Thumb Code     2  startup_tm4c123.o(.text)
    GPIOQ2_Handler                           0x000010b9   Thumb Code     2  startup_tm4c123.o(.text)
    GPIOQ3_Handler                           0x000010bb   Thumb Code     2  startup_tm4c123.o(.text)
    GPIOQ4_Handler                           0x000010bd   Thumb Code     2  startup_tm4c123.o(.text)
    GPIOQ5_Handler                           0x000010bf   Thumb Code     2  startup_tm4c123.o(.text)
    GPIOQ6_Handler                           0x000010c1   Thumb Code     2  startup_tm4c123.o(.text)
    GPIOQ7_Handler                           0x000010c3   Thumb Code     2  startup_tm4c123.o(.text)
    GPIOR_Handler                            0x000010c5   Thumb Code     2  startup_tm4c123.o(.text)
    GPIOS_Handler                            0x000010c7   Thumb Code     2  startup_tm4c123.o(.text)
    PMW1_0_Handler                           0x000010c9   Thumb Code     2  startup_tm4c123.o(.text)
    PWM1_1_Handler                           0x000010cb   Thumb Code     2  startup_tm4c123.o(.text)
    PWM1_2_Handler                           0x000010cd   Thumb Code     2  startup_tm4c123.o(.text)
    PWM1_3_Handler                           0x000010cf   Thumb Code     2  startup_tm4c123.o(.text)
    PWM1_FAULT_Handler                       0x000010d1   Thumb Code     2  startup_tm4c123.o(.text)
    __user_initial_stackheap                 0x000010d5   Thumb Code     0  startup_tm4c123.o(.text)
    SystemCoreClockUpdate                    0x000011ab   Thumb Code   184  system_tm4c123.o(.text)
    SystemInit                               0x00001263   Thumb Code    14  system_tm4c123.o(.text)
    __aeabi_memcpy4                          0x000012c1   Thumb Code     0  rt_memcpy_w.o(.text)
    __aeabi_memcpy8                          0x000012c1   Thumb Code     0  rt_memcpy_w.o(.text)
    __rt_memcpy_w                            0x000012c1   Thumb Code   100  rt_memcpy_w.o(.text)
    _memcpy_lastbytes_aligned                0x00001309   Thumb Code     0  rt_memcpy_w.o(.text)
    __use_two_region_memory                  0x00001325   Thumb Code     2  heapauxi.o(.text)
    __rt_heap_escrow$2region                 0x00001327   Thumb Code     2  heapauxi.o(.text)
    __rt_heap_expand$2region                 0x00001329   Thumb Code     2  heapauxi.o(.text)
    __user_setup_stackheap                   0x0000132b   Thumb Code    74  sys_stackheap_outer.o(.text)
    exit                                     0x00001375   Thumb Code    18  exit.o(.text)
    __user_libspace                          0x00001389   Thumb Code     8  libspace.o(.text)
    __user_perproc_libspace                  0x00001389   Thumb Code     0  libspace.o(.text)
    __user_perthread_libspace                0x00001389   Thumb Code     0  libspace.o(.text)
    _sys_exit                                0x00001391   Thumb Code     8  sys_exit.o(.text)
    __I$use$semihosting                      0x0000139d   Thumb Code     0  use_no_semi.o(.text)
    __use_no_semihosting_swi                 0x0000139d   Thumb Code     2  use_no_semi.o(.text)
    __semihosting_library_function           0x0000139f   Thumb Code     0  indicate_semi.o(.text)
    _fp_init                                 0x0000139f   Thumb Code    10  fpinit.o(x$fpl$fpinit)
    __fplib_config_fpu_vfp                   0x000013a7   Thumb Code     0  fpinit.o(x$fpl$fpinit)
    __fplib_config_pureend_doubles           0x000013a7   Thumb Code     0  fpinit.o(x$fpl$fpinit)
    Region$$Table$$Base                      0x000013a8   Number         0  anon$$obj.o(Region$$Table)
    Region$$Table$$Limit                     0x000013c8   Number         0  anon$$obj.o(Region$$Table)
    i                                        0x20000000   Data           4  main.o(.data)
    tail                                     0x20000004   Data           4  main.o(.data)
    doneTouch                                0x20000008   Data           4  main.o(.data)
    p1xval                                   0x2000000c   Data           4  main.o(.data)
    p1yval                                   0x20000010   Data           4  main.o(.data)
    p2xval                                   0x20000014   Data           4  main.o(.data)
    p2yval                                   0x20000018   Data           4  main.o(.data)
    current                                  0x2000001c   Data           4  main.o(.data)
    touchItems                               0x20000020   Data           4  main.o(.data)
    SystemCoreClock                          0x20000024   Data           4  system_tm4c123.o(.data)
    btn1                                     0x20000028   Data          20  main.o(.bss)
    btn2                                     0x2000003c   Data          20  main.o(.bss)
    btn3                                     0x20000050   Data          20  main.o(.bss)
    xcord                                    0x20000064   Data         200  main.o(.bss)
    ycord                                    0x2000012c   Data         200  main.o(.bss)
    __libspace_start                         0x200001f4   Data          96  libspace.o(.bss)
    __temporary_stack_top$libspace           0x20000254   Data           0  libspace.o(.bss)



==============================================================================

Memory Map of the image

  Image Entry point : 0x00000fe1

  Load Region LR_1 (Base: 0x00000000, Size: 0x000013f0, Max: 0xffffffff, ABSOLUTE)

    Execution Region ER_RO (Exec base: 0x00000000, Load base: 0x00000000, Size: 0x000013c8, Max: 0xffffffff, ABSOLUTE)

    Exec Addr    Load Addr    Size         Type   Attr      Idx    E Section Name        Object

    0x00000000   0x00000000   0x0000026c   Data   RO          155    RESET               startup_tm4c123.o
    0x0000026c   0x0000026c   0x00000008   Code   RO          196  * !!!main             c_w.l(__main.o)
    0x00000274   0x00000274   0x00000034   Code   RO          353    !!!scatter          c_w.l(__scatter.o)
    0x000002a8   0x000002a8   0x0000001a   Code   RO          355    !!handler_copy      c_w.l(__scatter_copy.o)
    0x000002c2   0x000002c2   0x00000002   PAD
    0x000002c4   0x000002c4   0x0000001c   Code   RO          357    !!handler_zi        c_w.l(__scatter_zi.o)
    0x000002e0   0x000002e0   0x00000002   Code   RO          223    .ARM.Collect$$libinit$$00000000  c_w.l(libinit.o)
    0x000002e2   0x000002e2   0x00000004   Code   RO          229    .ARM.Collect$$libinit$$00000001  c_w.l(libinit2.o)
    0x000002e6   0x000002e6   0x00000000   Code   RO          232    .ARM.Collect$$libinit$$00000004  c_w.l(libinit2.o)
    0x000002e6   0x000002e6   0x00000000   Code   RO          235    .ARM.Collect$$libinit$$0000000A  c_w.l(libinit2.o)
    0x000002e6   0x000002e6   0x00000000   Code   RO          237    .ARM.Collect$$libinit$$0000000C  c_w.l(libinit2.o)
    0x000002e6   0x000002e6   0x00000000   Code   RO          239    .ARM.Collect$$libinit$$0000000E  c_w.l(libinit2.o)
    0x000002e6   0x000002e6   0x00000000   Code   RO          242    .ARM.Collect$$libinit$$00000011  c_w.l(libinit2.o)
    0x000002e6   0x000002e6   0x00000000   Code   RO          244    .ARM.Collect$$libinit$$00000013  c_w.l(libinit2.o)
    0x000002e6   0x000002e6   0x00000000   Code   RO          246    .ARM.Collect$$libinit$$00000015  c_w.l(libinit2.o)
    0x000002e6   0x000002e6   0x00000000   Code   RO          248    .ARM.Collect$$libinit$$00000017  c_w.l(libinit2.o)
    0x000002e6   0x000002e6   0x00000000   Code   RO          250    .ARM.Collect$$libinit$$00000019  c_w.l(libinit2.o)
    0x000002e6   0x000002e6   0x00000000   Code   RO          252    .ARM.Collect$$libinit$$0000001B  c_w.l(libinit2.o)
    0x000002e6   0x000002e6   0x00000000   Code   RO          254    .ARM.Collect$$libinit$$0000001D  c_w.l(libinit2.o)
    0x000002e6   0x000002e6   0x00000000   Code   RO          256    .ARM.Collect$$libinit$$0000001F  c_w.l(libinit2.o)
    0x000002e6   0x000002e6   0x00000000   Code   RO          258    .ARM.Collect$$libinit$$00000021  c_w.l(libinit2.o)
    0x000002e6   0x000002e6   0x00000000   Code   RO          260    .ARM.Collect$$libinit$$00000023  c_w.l(libinit2.o)
    0x000002e6   0x000002e6   0x00000000   Code   RO          262    .ARM.Collect$$libinit$$00000025  c_w.l(libinit2.o)
    0x000002e6   0x000002e6   0x00000000   Code   RO          266    .ARM.Collect$$libinit$$0000002C  c_w.l(libinit2.o)
    0x000002e6   0x000002e6   0x00000000   Code   RO          268    .ARM.Collect$$libinit$$0000002E  c_w.l(libinit2.o)
    0x000002e6   0x000002e6   0x00000000   Code   RO          270    .ARM.Collect$$libinit$$00000030  c_w.l(libinit2.o)
    0x000002e6   0x000002e6   0x00000000   Code   RO          272    .ARM.Collect$$libinit$$00000032  c_w.l(libinit2.o)
    0x000002e6   0x000002e6   0x00000002   Code   RO          273    .ARM.Collect$$libinit$$00000033  c_w.l(libinit2.o)
    0x000002e8   0x000002e8   0x00000002   Code   RO          293    .ARM.Collect$$libshutdown$$00000000  c_w.l(libshutdown.o)
    0x000002ea   0x000002ea   0x00000000   Code   RO          306    .ARM.Collect$$libshutdown$$00000002  c_w.l(libshutdown2.o)
    0x000002ea   0x000002ea   0x00000000   Code   RO          308    .ARM.Collect$$libshutdown$$00000004  c_w.l(libshutdown2.o)
    0x000002ea   0x000002ea   0x00000000   Code   RO          311    .ARM.Collect$$libshutdown$$00000007  c_w.l(libshutdown2.o)
    0x000002ea   0x000002ea   0x00000000   Code   RO          314    .ARM.Collect$$libshutdown$$0000000A  c_w.l(libshutdown2.o)
    0x000002ea   0x000002ea   0x00000000   Code   RO          316    .ARM.Collect$$libshutdown$$0000000C  c_w.l(libshutdown2.o)
    0x000002ea   0x000002ea   0x00000000   Code   RO          319    .ARM.Collect$$libshutdown$$0000000F  c_w.l(libshutdown2.o)
    0x000002ea   0x000002ea   0x00000002   Code   RO          320    .ARM.Collect$$libshutdown$$00000010  c_w.l(libshutdown2.o)
    0x000002ec   0x000002ec   0x00000000   Code   RO          198    .ARM.Collect$$rtentry$$00000000  c_w.l(__rtentry.o)
    0x000002ec   0x000002ec   0x00000000   Code   RO          200    .ARM.Collect$$rtentry$$00000002  c_w.l(__rtentry2.o)
    0x000002ec   0x000002ec   0x00000006   Code   RO          212    .ARM.Collect$$rtentry$$00000004  c_w.l(__rtentry4.o)
    0x000002f2   0x000002f2   0x00000000   Code   RO          202    .ARM.Collect$$rtentry$$00000009  c_w.l(__rtentry2.o)
    0x000002f2   0x000002f2   0x00000004   Code   RO          203    .ARM.Collect$$rtentry$$0000000A  c_w.l(__rtentry2.o)
    0x000002f6   0x000002f6   0x00000000   Code   RO          205    .ARM.Collect$$rtentry$$0000000C  c_w.l(__rtentry2.o)
    0x000002f6   0x000002f6   0x00000008   Code   RO          206    .ARM.Collect$$rtentry$$0000000D  c_w.l(__rtentry2.o)
    0x000002fe   0x000002fe   0x00000002   Code   RO          227    .ARM.Collect$$rtexit$$00000000  c_w.l(rtexit.o)
    0x00000300   0x00000300   0x00000000   Code   RO          275    .ARM.Collect$$rtexit$$00000002  c_w.l(rtexit2.o)
    0x00000300   0x00000300   0x00000004   Code   RO          276    .ARM.Collect$$rtexit$$00000003  c_w.l(rtexit2.o)
    0x00000304   0x00000304   0x00000006   Code   RO          277    .ARM.Collect$$rtexit$$00000004  c_w.l(rtexit2.o)
    0x0000030a   0x0000030a   0x00000002   PAD
    0x0000030c   0x0000030c   0x000004bc   Code   RO            4    .text               main.o
    0x000007c8   0x000007c8   0x00000738   Code   RO           76    .text               lcd.o
    0x00000f00   0x00000f00   0x000000de   Code   RO          104    .text               shapes.o
    0x00000fde   0x00000fde   0x00000002   PAD
    0x00000fe0   0x00000fe0   0x00000114   Code   RO          156  * .text               startup_tm4c123.o
    0x000010f4   0x000010f4   0x000001cc   Code   RO          163    .text               system_tm4c123.o
    0x000012c0   0x000012c0   0x00000064   Code   RO          192    .text               c_w.l(rt_memcpy_w.o)
    0x00001324   0x00001324   0x00000006   Code   RO          194    .text               c_w.l(heapauxi.o)
    0x0000132a   0x0000132a   0x0000004a   Code   RO          214    .text               c_w.l(sys_stackheap_outer.o)
    0x00001374   0x00001374   0x00000012   Code   RO          216    .text               c_w.l(exit.o)
    0x00001386   0x00001386   0x00000002   PAD
    0x00001388   0x00001388   0x00000008   Code   RO          224    .text               c_w.l(libspace.o)
    0x00001390   0x00001390   0x0000000c   Code   RO          285    .text               c_w.l(sys_exit.o)
    0x0000139c   0x0000139c   0x00000002   Code   RO          296    .text               c_w.l(use_no_semi.o)
    0x0000139e   0x0000139e   0x00000000   Code   RO          298    .text               c_w.l(indicate_semi.o)
    0x0000139e   0x0000139e   0x0000000a   Code   RO          283    x$fpl$fpinit        fz_wm.l(fpinit.o)
    0x000013a8   0x000013a8   0x00000020   Data   RO          351    Region$$Table       anon$$obj.o


    Execution Region ER_RW (Exec base: 0x20000000, Load base: 0x000013c8, Size: 0x00000028, Max: 0xffffffff, ABSOLUTE)

    Exec Addr    Load Addr    Size         Type   Attr      Idx    E Section Name        Object

    0x20000000   0x000013c8   0x00000024   Data   RW            6    .data               main.o
    0x20000024   0x000013ec   0x00000004   Data   RW          164    .data               system_tm4c123.o


    Execution Region ER_ZI (Exec base: 0x20000028, Load base: 0x000013f0, Size: 0x00000430, Max: 0xffffffff, ABSOLUTE)

    Exec Addr    Load Addr    Size         Type   Attr      Idx    E Section Name        Object

    0x20000028        -       0x000001cc   Zero   RW            5    .bss                main.o
    0x200001f4        -       0x00000060   Zero   RW          225    .bss                c_w.l(libspace.o)
    0x20000254   0x000013f0   0x00000004   PAD
    0x20000258        -       0x00000000   Zero   RW          154    HEAP                startup_tm4c123.o
    0x20000258        -       0x00000200   Zero   RW          153    STACK               startup_tm4c123.o


==============================================================================

Image component sizes


      Code (inc. data)   RO Data    RW Data    ZI Data      Debug   Object Name

      1848         26          0          0          0       2771   lcd.o
      1212        126          0         36        460      60254   main.o
       222          0          0          0          0       2213   shapes.o
       276         24        620          0        512       5484   startup_tm4c123.o
       460        104          0          4          0       1501   system_tm4c123.o

    ----------------------------------------------------------------------
      4020        280        652         40        972      72223   Object Totals
         0          0         32          0          0          0   (incl. Generated)
         2          0          0          0          0          0   (incl. Padding)

    ----------------------------------------------------------------------

      Code (inc. data)   RO Data    RW Data    ZI Data      Debug   Library Member Name

         8          0          0          0          0         68   __main.o
         0          0          0          0          0          0   __rtentry.o
        12          0          0          0          0          0   __rtentry2.o
         6          0          0          0          0          0   __rtentry4.o
        52          8          0          0          0          0   __scatter.o
        26          0          0          0          0          0   __scatter_copy.o
        28          0          0          0          0          0   __scatter_zi.o
        18          0          0          0          0         80   exit.o
         6          0          0          0          0        152   heapauxi.o
         0          0          0          0          0          0   indicate_semi.o
         2          0          0          0          0          0   libinit.o
         6          0          0          0          0          0   libinit2.o
         2          0          0          0          0          0   libshutdown.o
         2          0          0          0          0          0   libshutdown2.o
         8          4          0          0         96         68   libspace.o
       100          0          0          0          0         80   rt_memcpy_w.o
         2          0          0          0          0          0   rtexit.o
        10          0          0          0          0          0   rtexit2.o
        12          4          0          0          0         68   sys_exit.o
        74          0          0          0          0         80   sys_stackheap_outer.o
         2          0          0          0          0         68   use_no_semi.o
        10          0          0          0          0        116   fpinit.o

    ----------------------------------------------------------------------
       392         16          0          0        100        780   Library Totals
         6          0          0          0          4          0   (incl. Padding)

    ----------------------------------------------------------------------

      Code (inc. data)   RO Data    RW Data    ZI Data      Debug   Library Name

       376         16          0          0         96        664   c_w.l
        10          0          0          0          0        116   fz_wm.l

    ----------------------------------------------------------------------
       392         16          0          0        100        780   Library Totals

    ----------------------------------------------------------------------

==============================================================================


      Code (inc. data)   RO Data    RW Data    ZI Data      Debug   

      4412        296        652         40       1072      72295   Grand Totals
      4412        296        652         40       1072      72295   ELF Image Totals
      4412        296        652         40          0          0   ROM Totals

==============================================================================

    Total RO  Size (Code + RO Data)                 5064 (   4.95kB)
    Total RW  Size (RW Data + ZI Data)              1112 (   1.09kB)
    Total ROM Size (Code + RO Data + RW Data)       5104 (   4.98kB)

==============================================================================

