Component: ARM Compiler 5.06 update 5 (build 528) Tool: armlink [4d35e2]

==============================================================================

Section Cross References

    startup_tm4c123.o(STACK) refers (Special) to heapauxi.o(.text) for __use_two_region_memory
    startup_tm4c123.o(HEAP) refers (Special) to heapauxi.o(.text) for __use_two_region_memory
    startup_tm4c123.o(RESET) refers (Special) to heapauxi.o(.text) for __use_two_region_memory
    startup_tm4c123.o(RESET) refers to startup_tm4c123.o(STACK) for __initial_sp
    startup_tm4c123.o(RESET) refers to startup_tm4c123.o(.text) for Reset_Handler
    startup_tm4c123.o(.text) refers (Special) to heapauxi.o(.text) for __use_two_region_memory
    startup_tm4c123.o(.text) refers to main.o(.text) for Start
    startup_tm4c123.o(.text) refers to startup_tm4c123.o(HEAP) for Heap_Mem
    startup_tm4c123.o(.text) refers to startup_tm4c123.o(STACK) for Stack_Mem
    system_tm4c123.o(.text) refers to system_tm4c123.o(.data) for SystemCoreClock


==============================================================================

Removing Unused input sections from the image.

    Removing system_tm4c123.o(.rev16_text), (4 bytes).
    Removing system_tm4c123.o(.revsh_text), (4 bytes).
    Removing system_tm4c123.o(.rrx_text), (6 bytes).
    Removing system_tm4c123.o(.text), (592 bytes).
    Removing system_tm4c123.o(.data), (4 bytes).

5 unused section(s) (total 610 bytes) removed from the image.

==============================================================================

Image Symbol Table

    Local Symbols

    Symbol Name                              Value     Ov Type        Size  Object(Section)

    RESET                                    0x00000000   Section      620  startup_tm4c123.o(RESET)
    ../clib/heapaux.c                        0x00000000   Number         0  heapauxi.o ABSOLUTE
    ..\main.asm                              0x00000000   Number         0  main.o ABSOLUTE
    RTE\Device\TM4C123GH6PM\startup_TM4C123.s 0x00000000   Number         0  startup_tm4c123.o ABSOLUTE
    RTE\Device\TM4C123GH6PM\system_TM4C123.c 0x00000000   Number         0  system_tm4c123.o ABSOLUTE
    RTE\\Device\\TM4C123GH6PM\\system_TM4C123.c 0x00000000   Number         0  system_tm4c123.o ABSOLUTE
    dc.s                                     0x00000000   Number         0  dc.o ABSOLUTE
    .text                                    0x0000026c   Section      896  main.o(.text)
    $v0                                      0x0000026c   Number         0  main.o(.text)
    .text                                    0x000005ec   Section      268  startup_tm4c123.o(.text)
    $v0                                      0x000005ec   Number         0  startup_tm4c123.o(.text)
    .text                                    0x000006f8   Section        0  heapauxi.o(.text)
    HEAP                                     0x20000000   Section        0  startup_tm4c123.o(HEAP)
    STACK                                    0x20000000   Section      512  startup_tm4c123.o(STACK)
    Heap_Mem                                 0x20000000   Data           0  startup_tm4c123.o(HEAP)
    Stack_Mem                                0x20000000   Data         512  startup_tm4c123.o(STACK)
    __initial_sp                             0x20000200   Data           0  startup_tm4c123.o(STACK)

    Global Symbols

    Symbol Name                              Value     Ov Type        Size  Object(Section)

    BuildAttributes$$THM_ISAv4$E$P$D$K$B$S$7EM$VFPi3$EXTD16$VFPS$VFMA$PE$A:L22UL41UL21$X:L11$S22US41US21$IEEE1$IW$USESV6$~STKCKD$USESV7$~SHL$OSPACE$ROPI$EBA8$STANDARDLIB$REQ8$EABIv2 0x00000000   Number         0  anon$$obj.o ABSOLUTE
    __Vectors                                0x00000000   Data           4  startup_tm4c123.o(RESET)
    Start                                    0x0000026d   Thumb Code     0  main.o(.text)
    __Vectors_End                            0x0000026c   Data           0  startup_tm4c123.o(RESET)
    __Vectors_Size                           0x0000026c   Number         0  startup_tm4c123.o ABSOLUTE
    Reset_Handler                            0x000005ed   Thumb Code     4  startup_tm4c123.o(.text)
    NMI_Handler                              0x000005f1   Thumb Code     2  startup_tm4c123.o(.text)
    HardFault_Handler                        0x000005f3   Thumb Code     2  startup_tm4c123.o(.text)
    MemManage_Handler                        0x000005f5   Thumb Code     2  startup_tm4c123.o(.text)
    BusFault_Handler                         0x000005f7   Thumb Code     2  startup_tm4c123.o(.text)
    UsageFault_Handler                       0x000005f9   Thumb Code     2  startup_tm4c123.o(.text)
    SVC_Handler                              0x000005fb   Thumb Code     2  startup_tm4c123.o(.text)
    DebugMon_Handler                         0x000005fd   Thumb Code     2  startup_tm4c123.o(.text)
    PendSV_Handler                           0x000005ff   Thumb Code     2  startup_tm4c123.o(.text)
    SysTick_Handler                          0x00000601   Thumb Code     2  startup_tm4c123.o(.text)
    GPIOA_Handler                            0x00000603   Thumb Code     2  startup_tm4c123.o(.text)
    GPIOB_Handler                            0x00000605   Thumb Code     2  startup_tm4c123.o(.text)
    GPIOC_Handler                            0x00000607   Thumb Code     2  startup_tm4c123.o(.text)
    GPIOD_Handler                            0x00000609   Thumb Code     2  startup_tm4c123.o(.text)
    GPIOE_Handler                            0x0000060b   Thumb Code     2  startup_tm4c123.o(.text)
    UART0_Handler                            0x0000060d   Thumb Code     2  startup_tm4c123.o(.text)
    UART1_Handler                            0x0000060f   Thumb Code     2  startup_tm4c123.o(.text)
    SSI0_Handler                             0x00000611   Thumb Code     2  startup_tm4c123.o(.text)
    I2C0_Handler                             0x00000613   Thumb Code     2  startup_tm4c123.o(.text)
    PMW0_FAULT_Handler                       0x00000615   Thumb Code     2  startup_tm4c123.o(.text)
    PWM0_0_Handler                           0x00000617   Thumb Code     2  startup_tm4c123.o(.text)
    PWM0_1_Handler                           0x00000619   Thumb Code     2  startup_tm4c123.o(.text)
    PWM0_2_Handler                           0x0000061b   Thumb Code     2  startup_tm4c123.o(.text)
    QEI0_Handler                             0x0000061d   Thumb Code     2  startup_tm4c123.o(.text)
    ADC0SS0_Handler                          0x0000061f   Thumb Code     2  startup_tm4c123.o(.text)
    ADC0SS1_Handler                          0x00000621   Thumb Code     2  startup_tm4c123.o(.text)
    ADC0SS2_Handler                          0x00000623   Thumb Code     2  startup_tm4c123.o(.text)
    ADC0SS3_Handler                          0x00000625   Thumb Code     2  startup_tm4c123.o(.text)
    WDT0_Handler                             0x00000627   Thumb Code     2  startup_tm4c123.o(.text)
    TIMER0A_Handler                          0x00000629   Thumb Code     2  startup_tm4c123.o(.text)
    TIMER0B_Handler                          0x0000062b   Thumb Code     2  startup_tm4c123.o(.text)
    TIMER1A_Handler                          0x0000062d   Thumb Code     2  startup_tm4c123.o(.text)
    TIMER1B_Handler                          0x0000062f   Thumb Code     2  startup_tm4c123.o(.text)
    TIMER2A_Handler                          0x00000631   Thumb Code     2  startup_tm4c123.o(.text)
    TIMER2B_Handler                          0x00000633   Thumb Code     2  startup_tm4c123.o(.text)
    COMP0_Handler                            0x00000635   Thumb Code     2  startup_tm4c123.o(.text)
    COMP1_Handler                            0x00000637   Thumb Code     2  startup_tm4c123.o(.text)
    COMP2_Handler                            0x00000639   Thumb Code     2  startup_tm4c123.o(.text)
    SYSCTL_Handler                           0x0000063b   Thumb Code     2  startup_tm4c123.o(.text)
    FLASH_Handler                            0x0000063d   Thumb Code     2  startup_tm4c123.o(.text)
    GPIOF_Handler                            0x0000063f   Thumb Code     2  startup_tm4c123.o(.text)
    GPIOG_Handler                            0x00000641   Thumb Code     2  startup_tm4c123.o(.text)
    GPIOH_Handler                            0x00000643   Thumb Code     2  startup_tm4c123.o(.text)
    UART2_Handler                            0x00000645   Thumb Code     2  startup_tm4c123.o(.text)
    SSI1_Handler                             0x00000647   Thumb Code     2  startup_tm4c123.o(.text)
    TIMER3A_Handler                          0x00000649   Thumb Code     2  startup_tm4c123.o(.text)
    TIMER3B_Handler                          0x0000064b   Thumb Code     2  startup_tm4c123.o(.text)
    I2C1_Handler                             0x0000064d   Thumb Code     2  startup_tm4c123.o(.text)
    QEI1_Handler                             0x0000064f   Thumb Code     2  startup_tm4c123.o(.text)
    CAN0_Handler                             0x00000651   Thumb Code     2  startup_tm4c123.o(.text)
    CAN1_Handler                             0x00000653   Thumb Code     2  startup_tm4c123.o(.text)
    CAN2_Handler                             0x00000655   Thumb Code     2  startup_tm4c123.o(.text)
    HIB_Handler                              0x00000657   Thumb Code     2  startup_tm4c123.o(.text)
    USB0_Handler                             0x00000659   Thumb Code     2  startup_tm4c123.o(.text)
    PWM0_3_Handler                           0x0000065b   Thumb Code     2  startup_tm4c123.o(.text)
    UDMA_Handler                             0x0000065d   Thumb Code     2  startup_tm4c123.o(.text)
    UDMAERR_Handler                          0x0000065f   Thumb Code     2  startup_tm4c123.o(.text)
    ADC1SS0_Handler                          0x00000661   Thumb Code     2  startup_tm4c123.o(.text)
    ADC1SS1_Handler                          0x00000663   Thumb Code     2  startup_tm4c123.o(.text)
    ADC1SS2_Handler                          0x00000665   Thumb Code     2  startup_tm4c123.o(.text)
    ADC1SS3_Handler                          0x00000667   Thumb Code     2  startup_tm4c123.o(.text)
    GPIOJ_Handler                            0x00000669   Thumb Code     2  startup_tm4c123.o(.text)
    GPIOK_Handler                            0x0000066b   Thumb Code     2  startup_tm4c123.o(.text)
    GPIOL_Handler                            0x0000066d   Thumb Code     2  startup_tm4c123.o(.text)
    SSI2_Handler                             0x0000066f   Thumb Code     2  startup_tm4c123.o(.text)
    SSI3_Handler                             0x00000671   Thumb Code     2  startup_tm4c123.o(.text)
    UART3_Handler                            0x00000673   Thumb Code     2  startup_tm4c123.o(.text)
    UART4_Handler                            0x00000675   Thumb Code     2  startup_tm4c123.o(.text)
    UART5_Handler                            0x00000677   Thumb Code     2  startup_tm4c123.o(.text)
    UART6_Handler                            0x00000679   Thumb Code     2  startup_tm4c123.o(.text)
    UART7_Handler                            0x0000067b   Thumb Code     2  startup_tm4c123.o(.text)
    I2C2_Handler                             0x0000067d   Thumb Code     2  startup_tm4c123.o(.text)
    I2C3_Handler                             0x0000067f   Thumb Code     2  startup_tm4c123.o(.text)
    TIMER4A_Handler                          0x00000681   Thumb Code     2  startup_tm4c123.o(.text)
    TIMER4B_Handler                          0x00000683   Thumb Code     2  startup_tm4c123.o(.text)
    TIMER5A_Handler                          0x00000685   Thumb Code     2  startup_tm4c123.o(.text)
    TIMER5B_Handler                          0x00000687   Thumb Code     2  startup_tm4c123.o(.text)
    WTIMER0A_Handler                         0x00000689   Thumb Code     2  startup_tm4c123.o(.text)
    WTIMER0B_Handler                         0x0000068b   Thumb Code     2  startup_tm4c123.o(.text)
    WTIMER1A_Handler                         0x0000068d   Thumb Code     2  startup_tm4c123.o(.text)
    WTIMER1B_Handler                         0x0000068f   Thumb Code     2  startup_tm4c123.o(.text)
    WTIMER2A_Handler                         0x00000691   Thumb Code     2  startup_tm4c123.o(.text)
    WTIMER2B_Handler                         0x00000693   Thumb Code     2  startup_tm4c123.o(.text)
    WTIMER3A_Handler                         0x00000695   Thumb Code     2  startup_tm4c123.o(.text)
    WTIMER3B_Handler                         0x00000697   Thumb Code     2  startup_tm4c123.o(.text)
    WTIMER4A_Handler                         0x00000699   Thumb Code     2  startup_tm4c123.o(.text)
    WTIMER4B_Handler                         0x0000069b   Thumb Code     2  startup_tm4c123.o(.text)
    WTIMER5A_Handler                         0x0000069d   Thumb Code     2  startup_tm4c123.o(.text)
    WTIMER5B_Handler                         0x0000069f   Thumb Code     2  startup_tm4c123.o(.text)
    FPU_Handler                              0x000006a1   Thumb Code     2  startup_tm4c123.o(.text)
    I2C4_Handler                             0x000006a3   Thumb Code     2  startup_tm4c123.o(.text)
    I2C5_Handler                             0x000006a5   Thumb Code     2  startup_tm4c123.o(.text)
    GPIOM_Handler                            0x000006a7   Thumb Code     2  startup_tm4c123.o(.text)
    GPION_Handler                            0x000006a9   Thumb Code     2  startup_tm4c123.o(.text)
    QEI2_Handler                             0x000006ab   Thumb Code     2  startup_tm4c123.o(.text)
    GPIOP0_Handler                           0x000006ad   Thumb Code     2  startup_tm4c123.o(.text)
    GPIOP1_Handler                           0x000006af   Thumb Code     2  startup_tm4c123.o(.text)
    GPIOP2_Handler                           0x000006b1   Thumb Code     2  startup_tm4c123.o(.text)
    GPIOP3_Handler                           0x000006b3   Thumb Code     2  startup_tm4c123.o(.text)
    GPIOP4_Handler                           0x000006b5   Thumb Code     2  startup_tm4c123.o(.text)
    GPIOP5_Handler                           0x000006b7   Thumb Code     2  startup_tm4c123.o(.text)
    GPIOP6_Handler                           0x000006b9   Thumb Code     2  startup_tm4c123.o(.text)
    GPIOP7_Handler                           0x000006bb   Thumb Code     2  startup_tm4c123.o(.text)
    GPIOQ0_Handler                           0x000006bd   Thumb Code     2  startup_tm4c123.o(.text)
    GPIOQ1_Handler                           0x000006bf   Thumb Code     2  startup_tm4c123.o(.text)
    GPIOQ2_Handler                           0x000006c1   Thumb Code     2  startup_tm4c123.o(.text)
    GPIOQ3_Handler                           0x000006c3   Thumb Code     2  startup_tm4c123.o(.text)
    GPIOQ4_Handler                           0x000006c5   Thumb Code     2  startup_tm4c123.o(.text)
    GPIOQ5_Handler                           0x000006c7   Thumb Code     2  startup_tm4c123.o(.text)
    GPIOQ6_Handler                           0x000006c9   Thumb Code     2  startup_tm4c123.o(.text)
    GPIOQ7_Handler                           0x000006cb   Thumb Code     2  startup_tm4c123.o(.text)
    GPIOR_Handler                            0x000006cd   Thumb Code     2  startup_tm4c123.o(.text)
    GPIOS_Handler                            0x000006cf   Thumb Code     2  startup_tm4c123.o(.text)
    PMW1_0_Handler                           0x000006d1   Thumb Code     2  startup_tm4c123.o(.text)
    PWM1_1_Handler                           0x000006d3   Thumb Code     2  startup_tm4c123.o(.text)
    PWM1_2_Handler                           0x000006d5   Thumb Code     2  startup_tm4c123.o(.text)
    PWM1_3_Handler                           0x000006d7   Thumb Code     2  startup_tm4c123.o(.text)
    PWM1_FAULT_Handler                       0x000006d9   Thumb Code     2  startup_tm4c123.o(.text)
    __user_initial_stackheap                 0x000006dd   Thumb Code     0  startup_tm4c123.o(.text)
    __use_two_region_memory                  0x000006f9   Thumb Code     2  heapauxi.o(.text)
    __rt_heap_escrow$2region                 0x000006fb   Thumb Code     2  heapauxi.o(.text)
    __rt_heap_expand$2region                 0x000006fd   Thumb Code     2  heapauxi.o(.text)



==============================================================================

Memory Map of the image

  Image Entry point : 0x000005ed

  Load Region LR_1 (Base: 0x00000000, Size: 0x00000700, Max: 0xffffffff, ABSOLUTE)

    Execution Region ER_RO (Exec base: 0x00000000, Load base: 0x00000000, Size: 0x00000700, Max: 0xffffffff, ABSOLUTE)

    Exec Addr    Load Addr    Size         Type   Attr      Idx    E Section Name        Object

    0x00000000   0x00000000   0x0000026c   Data   RO            8    RESET               startup_tm4c123.o
    0x0000026c   0x0000026c   0x00000380   Code   RO            1    .text               main.o
    0x000005ec   0x000005ec   0x0000010c   Code   RO            9  * .text               startup_tm4c123.o
    0x000006f8   0x000006f8   0x00000006   Code   RO           65    .text               c_w.l(heapauxi.o)


    Execution Region ER_RW (Exec base: 0x20000000, Load base: 0x00000700, Size: 0x00000000, Max: 0xffffffff, ABSOLUTE)

    **** No section assigned to this execution region ****


    Execution Region ER_ZI (Exec base: 0x20000000, Load base: 0x00000700, Size: 0x00000200, Max: 0xffffffff, ABSOLUTE)

    Exec Addr    Load Addr    Size         Type   Attr      Idx    E Section Name        Object

    0x20000000        -       0x00000000   Zero   RW            7    HEAP                startup_tm4c123.o
    0x20000000        -       0x00000200   Zero   RW            6    STACK               startup_tm4c123.o


==============================================================================

Image component sizes


      Code (inc. data)   RO Data    RW Data    ZI Data      Debug   Object Name

       896          0          0          0          0        520   main.o
       268         20        620          0        512       5472   startup_tm4c123.o

    ----------------------------------------------------------------------
      1164         20        620          0        512       5992   Object Totals
         0          0          0          0          0          0   (incl. Generated)
         0          0          0          0          0          0   (incl. Padding)

    ----------------------------------------------------------------------

      Code (inc. data)   RO Data    RW Data    ZI Data      Debug   Library Member Name

         6          0          0          0          0        152   heapauxi.o

    ----------------------------------------------------------------------
         8          0          0          0          0        152   Library Totals
         2          0          0          0          0          0   (incl. Padding)

    ----------------------------------------------------------------------

      Code (inc. data)   RO Data    RW Data    ZI Data      Debug   Library Name

         6          0          0          0          0        152   c_w.l

    ----------------------------------------------------------------------
         8          0          0          0          0        152   Library Totals

    ----------------------------------------------------------------------

==============================================================================


      Code (inc. data)   RO Data    RW Data    ZI Data      Debug   

      1172         20        620          0        512       6144   Grand Totals
      1172         20        620          0        512       6144   ELF Image Totals
      1172         20        620          0          0          0   ROM Totals

==============================================================================

    Total RO  Size (Code + RO Data)                 1792 (   1.75kB)
    Total RW  Size (RW Data + ZI Data)               512 (   0.50kB)
    Total ROM Size (Code + RO Data + RW Data)       1792 (   1.75kB)

==============================================================================

